Archive member included to satisfy reference by file (symbol)

/home/francis/Documents/MCUXpresso_11.0.1_2563/workspace/lpc_board_nxp_lpcxpresso_1769/Debug/liblpc_board_nxp_lpcxpresso_1769.a(board.o)
                              ./src/character_data_structure.o (Board_LED_Set)
/home/francis/Documents/MCUXpresso_11.0.1_2563/workspace/lpc_board_nxp_lpcxpresso_1769/Debug/liblpc_board_nxp_lpcxpresso_1769.a(board_sysinit.o)
                              ./src/sysinit.o (Board_SystemInit)
/home/francis/Documents/MCUXpresso_11.0.1_2563/workspace/lpc_chip_175x_6x/Debug/liblpc_chip_175x_6x.a(chip_17xx_40xx.o)
                              ./src/character_data_structure.o (SystemCoreClockUpdate)
/home/francis/Documents/MCUXpresso_11.0.1_2563/workspace/lpc_chip_175x_6x/Debug/liblpc_chip_175x_6x.a(clock_17xx_40xx.o)
                              /home/francis/Documents/MCUXpresso_11.0.1_2563/workspace/lpc_chip_175x_6x/Debug/liblpc_chip_175x_6x.a(chip_17xx_40xx.o) (Chip_Clock_EnablePLL)
/home/francis/Documents/MCUXpresso_11.0.1_2563/workspace/lpc_chip_175x_6x/Debug/liblpc_chip_175x_6x.a(i2s_17xx_40xx.o)
                              /home/francis/Documents/MCUXpresso_11.0.1_2563/workspace/lpc_board_nxp_lpcxpresso_1769/Debug/liblpc_board_nxp_lpcxpresso_1769.a(board.o) (Chip_I2S_Init)
/home/francis/Documents/MCUXpresso_11.0.1_2563/workspace/lpc_chip_175x_6x/Debug/liblpc_chip_175x_6x.a(iocon_17xx_40xx.o)
                              /home/francis/Documents/MCUXpresso_11.0.1_2563/workspace/lpc_board_nxp_lpcxpresso_1769/Debug/liblpc_board_nxp_lpcxpresso_1769.a(board.o) (Chip_IOCON_PinMux)
/home/francis/Documents/MCUXpresso_11.0.1_2563/workspace/lpc_chip_175x_6x/Debug/liblpc_chip_175x_6x.a(sysinit_17xx_40xx.o)
                              /home/francis/Documents/MCUXpresso_11.0.1_2563/workspace/lpc_board_nxp_lpcxpresso_1769/Debug/liblpc_board_nxp_lpcxpresso_1769.a(board_sysinit.o) (Chip_SetupXtalClocking)
/home/francis/Documents/MCUXpresso_11.0.1_2563/workspace/lpc_chip_175x_6x/Debug/liblpc_chip_175x_6x.a(uart_17xx_40xx.o)
                              /home/francis/Documents/MCUXpresso_11.0.1_2563/workspace/lpc_board_nxp_lpcxpresso_1769/Debug/liblpc_board_nxp_lpcxpresso_1769.a(board.o) (Chip_UART_Init)
/home/francis/Documents/MCUXpresso_11.0.1_2563/workspace/lpc_chip_175x_6x/Debug/liblpc_chip_175x_6x.a(ring_buffer.o)
                              /home/francis/Documents/MCUXpresso_11.0.1_2563/workspace/lpc_chip_175x_6x/Debug/liblpc_chip_175x_6x.a(uart_17xx_40xx.o) (RingBuffer_Insert)
/usr/local/mcuxpressoide-11.0.1_2563/ide/plugins/com.nxp.mcuxpresso.tools.linux_11.0.1.201907311258/tools/bin/../lib/gcc/arm-none-eabi/8.2.1/../../../../arm-none-eabi/lib/thumb/v7-m/nofp/libcr_c.a(memcpy.o)
                              /home/francis/Documents/MCUXpresso_11.0.1_2563/workspace/lpc_board_nxp_lpcxpresso_1769/Debug/liblpc_board_nxp_lpcxpresso_1769.a(board.o) (memcpy)
/usr/local/mcuxpressoide-11.0.1_2563/ide/plugins/com.nxp.mcuxpresso.tools.linux_11.0.1.201907311258/tools/bin/../lib/gcc/arm-none-eabi/8.2.1/../../../../arm-none-eabi/lib/thumb/v7-m/nofp/libcr_c.a(__weak__main.o)
                              ./src/cr_startup_lpc175x_6x.o (__main)
/usr/local/mcuxpressoide-11.0.1_2563/ide/plugins/com.nxp.mcuxpresso.tools.linux_11.0.1.201907311258/tools/bin/../lib/gcc/arm-none-eabi/8.2.1/thumb/v7-m/nofp/libcr_eabihelpers.a(division_64.o)
                              /home/francis/Documents/MCUXpresso_11.0.1_2563/workspace/lpc_chip_175x_6x/Debug/liblpc_chip_175x_6x.a(i2s_17xx_40xx.o) (__aeabi_uldivmod)
/usr/local/mcuxpressoide-11.0.1_2563/ide/plugins/com.nxp.mcuxpresso.tools.linux_11.0.1.201907311258/tools/bin/../lib/gcc/arm-none-eabi/8.2.1/thumb/v7-m/nofp/libcr_eabihelpers.a(division_idiv0.o)
                              /usr/local/mcuxpressoide-11.0.1_2563/ide/plugins/com.nxp.mcuxpresso.tools.linux_11.0.1.201907311258/tools/bin/../lib/gcc/arm-none-eabi/8.2.1/thumb/v7-m/nofp/libcr_eabihelpers.a(division_64.o) (__aeabi_idiv0)
/usr/local/mcuxpressoide-11.0.1_2563/ide/plugins/com.nxp.mcuxpresso.tools.linux_11.0.1.201907311258/tools/bin/../lib/gcc/arm-none-eabi/8.2.1/thumb/v7-m/nofp/libcr_eabihelpers.a(memcpy.o)
                              /usr/local/mcuxpressoide-11.0.1_2563/ide/plugins/com.nxp.mcuxpresso.tools.linux_11.0.1.201907311258/tools/bin/../lib/gcc/arm-none-eabi/8.2.1/../../../../arm-none-eabi/lib/thumb/v7-m/nofp/libcr_c.a(memcpy.o) (__aeabi_memcpy)

Allocating common symbols
Common symbol       size              file

SystemCoreClock     0x4               /home/francis/Documents/MCUXpresso_11.0.1_2563/workspace/lpc_chip_175x_6x/Debug/liblpc_chip_175x_6x.a(chip_17xx_40xx.o)

Discarded input sections

 .group         0x0000000000000000        0xc ./src/character_data_structure.o
 .group         0x0000000000000000        0xc ./src/character_data_structure.o
 .group         0x0000000000000000        0xc ./src/character_data_structure.o
 .group         0x0000000000000000        0xc ./src/character_data_structure.o
[...]
Memory Configuration

Name             Origin             Length             Attributes
MFlash512        0x0000000000000000 0x0000000000080000 xr
RamLoc32         0x0000000010000000 0x0000000000008000 xrw
RamAHB32         0x000000002007c000 0x0000000000008000 xrw
*default*        0x0000000000000000 0xffffffffffffffff

Linker script and memory map

LOAD ./src/character_data_structure.o
LOAD ./src/cr_startup_lpc175x_6x.o
LOAD ./src/crp.o
LOAD ./src/sysinit.o
LOAD /home/francis/Documents/MCUXpresso_11.0.1_2563/workspace/lpc_board_nxp_lpcxpresso_1769/Debug/liblpc_board_nxp_lpcxpresso_1769.a
LOAD /home/francis/Documents/MCUXpresso_11.0.1_2563/workspace/lpc_chip_175x_6x/Debug/liblpc_chip_175x_6x.a
START GROUP
LOAD /usr/local/mcuxpressoide-11.0.1_2563/ide/plugins/com.nxp.mcuxpresso.tools.linux_11.0.1.201907311258/tools/bin/../lib/gcc/arm-none-eabi/8.2.1/../../../../arm-none-eabi/lib/thumb/v7-m/nofp/libcr_c.a
LOAD /usr/local/mcuxpressoide-11.0.1_2563/ide/plugins/com.nxp.mcuxpresso.tools.linux_11.0.1.201907311258/tools/bin/../lib/gcc/arm-none-eabi/8.2.1/thumb/v7-m/nofp/libcr_eabihelpers.a
LOAD /usr/local/mcuxpressoide-11.0.1_2563/ide/plugins/com.nxp.mcuxpresso.tools.linux_11.0.1.201907311258/tools/bin/../lib/gcc/arm-none-eabi/8.2.1/thumb/v7-m/nofp/libgcc.a
END GROUP
                0x0000000000000000                __base_MFlash512 = 0x0
                0x0000000000000000                __base_Flash = 0x0
                0x0000000000080000                __top_MFlash512 = 0x80000
                0x0000000000080000                __top_Flash = 0x80000
                0x0000000010000000                __base_RamLoc32 = 0x10000000
                0x0000000010000000                __base_RAM = 0x10000000
                0x0000000010008000                __top_RamLoc32 = 0x10008000
                0x0000000010008000                __top_RAM = 0x10008000
                0x000000002007c000                __base_RamAHB32 = 0x2007c000
                0x000000002007c000                __base_RAM2 = 0x2007c000
                0x0000000020084000                __top_RamAHB32 = 0x20084000
                0x0000000020084000                __top_RAM2 = 0x20084000

.text           0x0000000000000000      0xf8c
 FILL mask 0xff
                0x0000000000000000                __vectors_start__ = ABSOLUTE (.)
 *(.isr_vector)
 .isr_vector    0x0000000000000000       0xcc ./src/cr_startup_lpc175x_6x.o
                0x0000000000000000                g_pfnVectors
                0x00000000000000cc                . = ALIGN (0x4)
                0x00000000000000cc                __section_table_start = .
                0x00000000000000cc                __data_section_table = .
                0x00000000000000cc        0x4 LONG 0xf8c LOADADDR (.data)
                0x00000000000000d0        0x4 LONG 0x10000000 ADDR (.data)
                0x00000000000000d4        0x4 LONG 0x0 SIZEOF (.data)
                0x00000000000000d8        0x4 LONG 0xf8c LOADADDR (.data_RAM2)
                0x00000000000000dc        0x4 LONG 0x2007c000 ADDR (.data_RAM2)
                0x00000000000000e0        0x4 LONG 0x0 SIZEOF (.data_RAM2)
                0x00000000000000e4                __data_section_table_end = .
                0x00000000000000e4                __bss_section_table = .
                0x00000000000000e4        0x4 LONG 0x10000000 ADDR (.bss)
                0x00000000000000e8        0x4 LONG 0x8 SIZEOF (.bss)
                0x00000000000000ec        0x4 LONG 0x2007c000 ADDR (.bss_RAM2)
                0x00000000000000f0        0x4 LONG 0x0 SIZEOF (.bss_RAM2)
                0x00000000000000f4                __bss_section_table_end = .
                0x00000000000000f4                __section_table_end = .
 *(.after_vectors*)
 .after_vectors
                0x00000000000000f4      0x12c ./src/cr_startup_lpc175x_6x.o
                0x00000000000000f4                data_init
                0x0000000000000136                bss_init
                0x000000000000016c                ResetISR
                0x00000000000001e4                NMI_Handler
                0x00000000000001ea                HardFault_Handler
                0x00000000000001f0                MemManage_Handler
                0x00000000000001f6                BusFault_Handler
                0x00000000000001fc                UsageFault_Handler
                0x0000000000000202                SVC_Handler
                0x0000000000000208                DebugMon_Handler
                0x000000000000020e                PendSV_Handler
                0x0000000000000214                SysTick_Handler
                0x000000000000021a                TIMER2_IRQHandler
                0x000000000000021a                RIT_IRQHandler
                0x000000000000021a                I2C0_IRQHandler
                0x000000000000021a                USBActivity_IRQHandler
                0x000000000000021a                PWM1_IRQHandler
                0x000000000000021a                I2C1_IRQHandler
                0x000000000000021a                EINT2_IRQHandler
                0x000000000000021a                UART1_IRQHandler
                0x000000000000021a                EINT3_IRQHandler
                0x000000000000021a                CANActivity_IRQHandler
                0x000000000000021a                TIMER3_IRQHandler
                0x000000000000021a                UART0_IRQHandler
                0x000000000000021a                IntDefaultHandler
                0x000000000000021a                PLL0_IRQHandler
                0x000000000000021a                CAN_IRQHandler
                0x000000000000021a                PLL1_IRQHandler
                0x000000000000021a                SSP0_IRQHandler
                0x000000000000021a                I2S_IRQHandler
                0x000000000000021a                I2C2_IRQHandler
                0x000000000000021a                RTC_IRQHandler
                0x000000000000021a                TIMER0_IRQHandler
                0x000000000000021a                SPI_IRQHandler
                0x000000000000021a                EINT1_IRQHandler
                0x000000000000021a                TIMER1_IRQHandler
                0x000000000000021a                UART2_IRQHandler
                0x000000000000021a                ADC_IRQHandler
                0x000000000000021a                SSP1_IRQHandler
                0x000000000000021a                USB_IRQHandler
                0x000000000000021a                BOD_IRQHandler
                0x000000000000021a                WDT_IRQHandler
                0x000000000000021a                QEI_IRQHandler
                0x000000000000021a                EINT0_IRQHandler
                0x000000000000021a                ETH_IRQHandler
                0x000000000000021a                DMA_IRQHandler
                0x000000000000021a                UART3_IRQHandler
                0x000000000000021a                MCPWM_IRQHandler
                0x00000000000002fc                . = 0x2fc
 *fill*         0x0000000000000220       0xdc ff
                0x00000000000002fc                PROVIDE (__CRP_WORD_START__ = .)
 *(.crp)
 .crp           0x00000000000002fc        0x4 ./src/crp.o
                0x00000000000002fc                CRP_WORD
                0x0000000000000300                PROVIDE (__CRP_WORD_END__ = .)
                0x0000000000000001                ASSERT (! ((__CRP_WORD_START__ == __CRP_WORD_END__)), Linker CRP Enabled, but no CRP_WORD provided within application)
 *(.text*)
 .text.main     0x0000000000000300       0x24 ./src/character_data_structure.o
                0x0000000000000300                main
 .text.SystemInit
                0x0000000000000324       0x24 ./src/sysinit.o
                0x0000000000000324                SystemInit
 .text.Chip_IOCON_Init
                0x0000000000000348       0x16 /home/francis/Documents/MCUXpresso_11.0.1_2563/workspace/lpc_board_nxp_lpcxpresso_1769/Debug/liblpc_board_nxp_lpcxpresso_1769.a(board.o)
 .text.Chip_GPIO_Init
                0x000000000000035e       0x16 /home/francis/Documents/MCUXpresso_11.0.1_2563/workspace/lpc_board_nxp_lpcxpresso_1769/Debug/liblpc_board_nxp_lpcxpresso_1769.a(board.o)
 .text.Chip_GPIO_SetPinState
                0x0000000000000374       0x64 /home/francis/Documents/MCUXpresso_11.0.1_2563/workspace/lpc_board_nxp_lpcxpresso_1769/Debug/liblpc_board_nxp_lpcxpresso_1769.a(board.o)
 .text.Chip_GPIO_WritePortBit
                0x00000000000003d8       0x2c /home/francis/Documents/MCUXpresso_11.0.1_2563/workspace/lpc_board_nxp_lpcxpresso_1769/Debug/liblpc_board_nxp_lpcxpresso_1769.a(board.o)
 .text.Chip_GPIO_SetPinDIROutput
                0x0000000000000404       0x36 /home/francis/Documents/MCUXpresso_11.0.1_2563/workspace/lpc_board_nxp_lpcxpresso_1769/Debug/liblpc_board_nxp_lpcxpresso_1769.a(board.o)
 .text.Chip_GPIO_SetPinDIRInput
                0x000000000000043a       0x3a /home/francis/Documents/MCUXpresso_11.0.1_2563/workspace/lpc_board_nxp_lpcxpresso_1769/Debug/liblpc_board_nxp_lpcxpresso_1769.a(board.o)
 .text.Chip_GPIO_SetPinDIR
                0x0000000000000474       0x42 /home/francis/Documents/MCUXpresso_11.0.1_2563/workspace/lpc_board_nxp_lpcxpresso_1769/Debug/liblpc_board_nxp_lpcxpresso_1769.a(board.o)
 .text.Chip_GPIO_WriteDirBit
                0x00000000000004b6       0x2e /home/francis/Documents/MCUXpresso_11.0.1_2563/workspace/lpc_board_nxp_lpcxpresso_1769/Debug/liblpc_board_nxp_lpcxpresso_1769.a(board.o)
 .text.Chip_UART_ConfigData
                0x00000000000004e4       0x1a /home/francis/Documents/MCUXpresso_11.0.1_2563/workspace/lpc_board_nxp_lpcxpresso_1769/Debug/liblpc_board_nxp_lpcxpresso_1769.a(board.o)
 *fill*         0x00000000000004fe        0x2 ff
 .text.Board_LED_Init
                0x0000000000000500       0x30 /home/francis/Documents/MCUXpresso_11.0.1_2563/workspace/lpc_board_nxp_lpcxpresso_1769/Debug/liblpc_board_nxp_lpcxpresso_1769.a(board.o)
 .text.Board_UART_Init
                0x0000000000000530       0x12 /home/francis/Documents/MCUXpresso_11.0.1_2563/workspace/lpc_board_nxp_lpcxpresso_1769/Debug/liblpc_board_nxp_lpcxpresso_1769.a(board.o)
                0x0000000000000530                Board_UART_Init
 *fill*         0x0000000000000542        0x2 ff
 .text.Board_Debug_Init
                0x0000000000000544       0x30 /home/francis/Documents/MCUXpresso_11.0.1_2563/workspace/lpc_board_nxp_lpcxpresso_1769/Debug/liblpc_board_nxp_lpcxpresso_1769.a(board.o)
                0x0000000000000544                Board_Debug_Init
 .text.Board_LED_Set
                0x0000000000000574       0x54 /home/francis/Documents/MCUXpresso_11.0.1_2563/workspace/lpc_board_nxp_lpcxpresso_1769/Debug/liblpc_board_nxp_lpcxpresso_1769.a(board.o)
                0x0000000000000574                Board_LED_Set
 .text.Board_Init
                0x00000000000005c8       0x24 /home/francis/Documents/MCUXpresso_11.0.1_2563/workspace/lpc_board_nxp_lpcxpresso_1769/Debug/liblpc_board_nxp_lpcxpresso_1769.a(board.o)
                0x00000000000005c8                Board_Init
 .text.Chip_SYSCTL_SetFLASHAccess
                0x00000000000005ec       0x30 /home/francis/Documents/MCUXpresso_11.0.1_2563/workspace/lpc_board_nxp_lpcxpresso_1769/Debug/liblpc_board_nxp_lpcxpresso_1769.a(board_sysinit.o)
 .text.Board_SetupMuxing
                0x000000000000061c       0x1c /home/francis/Documents/MCUXpresso_11.0.1_2563/workspace/lpc_board_nxp_lpcxpresso_1769/Debug/liblpc_board_nxp_lpcxpresso_1769.a(board_sysinit.o)
                0x000000000000061c                Board_SetupMuxing
 .text.Board_SetupClocking
                0x0000000000000638       0x12 /home/francis/Documents/MCUXpresso_11.0.1_2563/workspace/lpc_board_nxp_lpcxpresso_1769/Debug/liblpc_board_nxp_lpcxpresso_1769.a(board_sysinit.o)
                0x0000000000000638                Board_SetupClocking
 .text.Board_SystemInit
                0x000000000000064a       0x10 /home/francis/Documents/MCUXpresso_11.0.1_2563/workspace/lpc_board_nxp_lpcxpresso_1769/Debug/liblpc_board_nxp_lpcxpresso_1769.a(board_sysinit.o)
                0x000000000000064a                Board_SystemInit
 *fill*         0x000000000000065a        0x2 ff
 .text.SystemCoreClockUpdate
                0x000000000000065c       0x18 /home/francis/Documents/MCUXpresso_11.0.1_2563/workspace/lpc_chip_175x_6x/Debug/liblpc_chip_175x_6x.a(chip_17xx_40xx.o)
                0x000000000000065c                SystemCoreClockUpdate
 .text.Chip_Clock_IsMainPLLEnabled
                0x0000000000000674       0x24 /home/francis/Documents/MCUXpresso_11.0.1_2563/workspace/lpc_chip_175x_6x/Debug/liblpc_chip_175x_6x.a(clock_17xx_40xx.o)
 .text.Chip_Clock_IsMainPLLConnected
                0x0000000000000698       0x24 /home/francis/Documents/MCUXpresso_11.0.1_2563/workspace/lpc_chip_175x_6x/Debug/liblpc_chip_175x_6x.a(clock_17xx_40xx.o)
 .text.Chip_Clock_FeedPLL
                0x00000000000006bc       0x34 /home/francis/Documents/MCUXpresso_11.0.1_2563/workspace/lpc_chip_175x_6x/Debug/liblpc_chip_175x_6x.a(clock_17xx_40xx.o)
 .text.Chip_Clock_GetMainPLLSource
                0x00000000000006f0       0x20 /home/francis/Documents/MCUXpresso_11.0.1_2563/workspace/lpc_chip_175x_6x/Debug/liblpc_chip_175x_6x.a(clock_17xx_40xx.o)
 .text.Chip_Clock_GetMainOscRate
                0x0000000000000710       0x14 /home/francis/Documents/MCUXpresso_11.0.1_2563/workspace/lpc_chip_175x_6x/Debug/liblpc_chip_175x_6x.a(clock_17xx_40xx.o)
 .text.Chip_Clock_GetIntOscRate
                0x0000000000000724       0x14 /home/francis/Documents/MCUXpresso_11.0.1_2563/workspace/lpc_chip_175x_6x/Debug/liblpc_chip_175x_6x.a(clock_17xx_40xx.o)
 .text.Chip_Clock_GetRTCOscRate
                0x0000000000000738       0x14 /home/francis/Documents/MCUXpresso_11.0.1_2563/workspace/lpc_chip_175x_6x/Debug/liblpc_chip_175x_6x.a(clock_17xx_40xx.o)
 .text.Chip_Clock_GetMainPLLInClockRate
                0x000000000000074c        0xe /home/francis/Documents/MCUXpresso_11.0.1_2563/workspace/lpc_chip_175x_6x/Debug/liblpc_chip_175x_6x.a(clock_17xx_40xx.o)
 *fill*         0x000000000000075a        0x2 ff
 .text.Chip_Clock_EnablePLL
                0x000000000000075c       0x44 /home/francis/Documents/MCUXpresso_11.0.1_2563/workspace/lpc_chip_175x_6x/Debug/liblpc_chip_175x_6x.a(clock_17xx_40xx.o)
                0x000000000000075c                Chip_Clock_EnablePLL
 .text.Chip_Clock_DisablePLL
                0x00000000000007a0       0x48 /home/francis/Documents/MCUXpresso_11.0.1_2563/workspace/lpc_chip_175x_6x/Debug/liblpc_chip_175x_6x.a(clock_17xx_40xx.o)
                0x00000000000007a0                Chip_Clock_DisablePLL
 .text.Chip_Clock_SetupPLL
                0x00000000000007e8       0x5c /home/francis/Documents/MCUXpresso_11.0.1_2563/workspace/lpc_chip_175x_6x/Debug/liblpc_chip_175x_6x.a(clock_17xx_40xx.o)
                0x00000000000007e8                Chip_Clock_SetupPLL
 .text.Chip_Clock_EnablePeriphClock
                0x0000000000000844       0x34 /home/francis/Documents/MCUXpresso_11.0.1_2563/workspace/lpc_chip_175x_6x/Debug/liblpc_chip_175x_6x.a(clock_17xx_40xx.o)
                0x0000000000000844                Chip_Clock_EnablePeriphClock
 .text.Chip_Clock_GetCPUClockSource
                0x0000000000000878       0x24 /home/francis/Documents/MCUXpresso_11.0.1_2563/workspace/lpc_chip_175x_6x/Debug/liblpc_chip_175x_6x.a(clock_17xx_40xx.o)
                0x0000000000000878                Chip_Clock_GetCPUClockSource
 .text.Chip_Clock_SetCPUClockDiv
                0x000000000000089c       0x20 /home/francis/Documents/MCUXpresso_11.0.1_2563/workspace/lpc_chip_175x_6x/Debug/liblpc_chip_175x_6x.a(clock_17xx_40xx.o)
                0x000000000000089c                Chip_Clock_SetCPUClockDiv
 .text.Chip_Clock_GetCPUClockDiv
                0x00000000000008bc       0x1c /home/francis/Documents/MCUXpresso_11.0.1_2563/workspace/lpc_chip_175x_6x/Debug/liblpc_chip_175x_6x.a(clock_17xx_40xx.o)
                0x00000000000008bc                Chip_Clock_GetCPUClockDiv
 .text.Chip_Clock_GetPCLKDiv
                0x00000000000008d8       0x8c /home/francis/Documents/MCUXpresso_11.0.1_2563/workspace/lpc_chip_175x_6x/Debug/liblpc_chip_175x_6x.a(clock_17xx_40xx.o)
                0x00000000000008d8                Chip_Clock_GetPCLKDiv
 .text.Chip_Clock_GetSYSCLKRate
                0x0000000000000964       0x34 /home/francis/Documents/MCUXpresso_11.0.1_2563/workspace/lpc_chip_175x_6x/Debug/liblpc_chip_175x_6x.a(clock_17xx_40xx.o)
                0x0000000000000964                Chip_Clock_GetSYSCLKRate
 .text.Chip_Clock_GetMainPLLOutClockRate
                0x0000000000000998       0x54 /home/francis/Documents/MCUXpresso_11.0.1_2563/workspace/lpc_chip_175x_6x/Debug/liblpc_chip_175x_6x.a(clock_17xx_40xx.o)
                0x0000000000000998                Chip_Clock_GetMainPLLOutClockRate
 .text.Chip_Clock_GetMainClockRate
                0x00000000000009ec       0x28 /home/francis/Documents/MCUXpresso_11.0.1_2563/workspace/lpc_chip_175x_6x/Debug/liblpc_chip_175x_6x.a(clock_17xx_40xx.o)
                0x00000000000009ec                Chip_Clock_GetMainClockRate
 .text.Chip_Clock_GetSystemClockRate
                0x0000000000000a14       0x18 /home/francis/Documents/MCUXpresso_11.0.1_2563/workspace/lpc_chip_175x_6x/Debug/liblpc_chip_175x_6x.a(clock_17xx_40xx.o)
                0x0000000000000a14                Chip_Clock_GetSystemClockRate
 .text.Chip_Clock_GetPeripheralClockRate
                0x0000000000000a2c       0x26 /home/francis/Documents/MCUXpresso_11.0.1_2563/workspace/lpc_chip_175x_6x/Debug/liblpc_chip_175x_6x.a(clock_17xx_40xx.o)
                0x0000000000000a2c                Chip_Clock_GetPeripheralClockRate
 .text.Chip_IOCON_PinMuxSet
                0x0000000000000a52       0x36 /home/francis/Documents/MCUXpresso_11.0.1_2563/workspace/lpc_chip_175x_6x/Debug/liblpc_chip_175x_6x.a(iocon_17xx_40xx.o)
                0x0000000000000a52                Chip_IOCON_PinMuxSet
 .text.Chip_IOCON_PinMux
                0x0000000000000a88       0x94 /home/francis/Documents/MCUXpresso_11.0.1_2563/workspace/lpc_chip_175x_6x/Debug/liblpc_chip_175x_6x.a(iocon_17xx_40xx.o)
                0x0000000000000a88                Chip_IOCON_PinMux
 .text.Chip_IOCON_SetPinMuxing
                0x0000000000000b1c       0x62 /home/francis/Documents/MCUXpresso_11.0.1_2563/workspace/lpc_chip_175x_6x/Debug/liblpc_chip_175x_6x.a(iocon_17xx_40xx.o)
                0x0000000000000b1c                Chip_IOCON_SetPinMuxing
 *fill*         0x0000000000000b7e        0x2 ff
 .text.Chip_Clock_IsMainPLLEnabled
                0x0000000000000b80       0x24 /home/francis/Documents/MCUXpresso_11.0.1_2563/workspace/lpc_chip_175x_6x/Debug/liblpc_chip_175x_6x.a(sysinit_17xx_40xx.o)
 .text.Chip_Clock_IsMainPLLLocked
                0x0000000000000ba4       0x24 /home/francis/Documents/MCUXpresso_11.0.1_2563/workspace/lpc_chip_175x_6x/Debug/liblpc_chip_175x_6x.a(sysinit_17xx_40xx.o)
 .text.Chip_Clock_IsMainPLLConnected
                0x0000000000000bc8       0x24 /home/francis/Documents/MCUXpresso_11.0.1_2563/workspace/lpc_chip_175x_6x/Debug/liblpc_chip_175x_6x.a(sysinit_17xx_40xx.o)
 .text.Chip_Clock_EnableCrystal
                0x0000000000000bec       0x20 /home/francis/Documents/MCUXpresso_11.0.1_2563/workspace/lpc_chip_175x_6x/Debug/liblpc_chip_175x_6x.a(sysinit_17xx_40xx.o)
 .text.Chip_Clock_IsCrystalEnabled
                0x0000000000000c0c       0x24 /home/francis/Documents/MCUXpresso_11.0.1_2563/workspace/lpc_chip_175x_6x/Debug/liblpc_chip_175x_6x.a(sysinit_17xx_40xx.o)
 .text.Chip_Clock_SetMainPLLSource
                0x0000000000000c30       0x20 /home/francis/Documents/MCUXpresso_11.0.1_2563/workspace/lpc_chip_175x_6x/Debug/liblpc_chip_175x_6x.a(sysinit_17xx_40xx.o)
 .text.Chip_SetupXtalClocking
                0x0000000000000c50       0x90 /home/francis/Documents/MCUXpresso_11.0.1_2563/workspace/lpc_chip_175x_6x/Debug/liblpc_chip_175x_6x.a(sysinit_17xx_40xx.o)
                0x0000000000000c50                Chip_SetupXtalClocking
 .text.Chip_UART_SetupFIFOS
                0x0000000000000ce0       0x1a /home/francis/Documents/MCUXpresso_11.0.1_2563/workspace/lpc_chip_175x_6x/Debug/liblpc_chip_175x_6x.a(uart_17xx_40xx.o)
 .text.Chip_UART_ConfigData
                0x0000000000000cfa       0x1a /home/francis/Documents/MCUXpresso_11.0.1_2563/workspace/lpc_chip_175x_6x/Debug/liblpc_chip_175x_6x.a(uart_17xx_40xx.o)
 .text.Chip_UART_EnableDivisorAccess
                0x0000000000000d14       0x1e /home/francis/Documents/MCUXpresso_11.0.1_2563/workspace/lpc_chip_175x_6x/Debug/liblpc_chip_175x_6x.a(uart_17xx_40xx.o)
 .text.Chip_UART_DisableDivisorAccess
                0x0000000000000d32       0x1e /home/francis/Documents/MCUXpresso_11.0.1_2563/workspace/lpc_chip_175x_6x/Debug/liblpc_chip_175x_6x.a(uart_17xx_40xx.o)
 .text.Chip_UART_SetDivisorLatches
                0x0000000000000d50       0x26 /home/francis/Documents/MCUXpresso_11.0.1_2563/workspace/lpc_chip_175x_6x/Debug/liblpc_chip_175x_6x.a(uart_17xx_40xx.o)
 *fill*         0x0000000000000d76        0x2 ff
 .text.Chip_UART_GetClockIndex
                0x0000000000000d78       0x50 /home/francis/Documents/MCUXpresso_11.0.1_2563/workspace/lpc_chip_175x_6x/Debug/liblpc_chip_175x_6x.a(uart_17xx_40xx.o)
 .text.Chip_UART_GetClkIndex
                0x0000000000000dc8       0x50 /home/francis/Documents/MCUXpresso_11.0.1_2563/workspace/lpc_chip_175x_6x/Debug/liblpc_chip_175x_6x.a(uart_17xx_40xx.o)
 .text.Chip_UART_Init
                0x0000000000000e18       0x78 /home/francis/Documents/MCUXpresso_11.0.1_2563/workspace/lpc_chip_175x_6x/Debug/liblpc_chip_175x_6x.a(uart_17xx_40xx.o)
                0x0000000000000e18                Chip_UART_Init
 .text.Chip_UART_TXEnable
                0x0000000000000e90       0x18 /home/francis/Documents/MCUXpresso_11.0.1_2563/workspace/lpc_chip_175x_6x/Debug/liblpc_chip_175x_6x.a(uart_17xx_40xx.o)
                0x0000000000000e90                Chip_UART_TXEnable
 .text.Chip_UART_TXDisable
                0x0000000000000ea8       0x18 /home/francis/Documents/MCUXpresso_11.0.1_2563/workspace/lpc_chip_175x_6x/Debug/liblpc_chip_175x_6x.a(uart_17xx_40xx.o)
                0x0000000000000ea8                Chip_UART_TXDisable
 .text.Chip_UART_SetBaud
                0x0000000000000ec0       0x62 /home/francis/Documents/MCUXpresso_11.0.1_2563/workspace/lpc_chip_175x_6x/Debug/liblpc_chip_175x_6x.a(uart_17xx_40xx.o)
                0x0000000000000ec0                Chip_UART_SetBaud
 .text.__weak_main
                0x0000000000000f22        0x4 /usr/local/mcuxpressoide-11.0.1_2563/ide/plugins/com.nxp.mcuxpresso.tools.linux_11.0.1.201907311258/tools/bin/../lib/gcc/arm-none-eabi/8.2.1/../../../../arm-none-eabi/lib/thumb/v7-m/nofp/libcr_c.a(__weak__main.o)
                0x0000000000000f22                __main
                0x0000000000000f22                __weak_main
 *(.rodata .rodata.* .constdata .constdata.*)
 *fill*         0x0000000000000f26        0x2 ff
 .rodata.OscRateIn
                0x0000000000000f28        0x4 /home/francis/Documents/MCUXpresso_11.0.1_2563/workspace/lpc_board_nxp_lpcxpresso_1769/Debug/liblpc_board_nxp_lpcxpresso_1769.a(board.o)
                0x0000000000000f28                OscRateIn
 .rodata.RTCOscRateIn
                0x0000000000000f2c        0x4 /home/francis/Documents/MCUXpresso_11.0.1_2563/workspace/lpc_board_nxp_lpcxpresso_1769/Debug/liblpc_board_nxp_lpcxpresso_1769.a(board.o)
                0x0000000000000f2c                RTCOscRateIn
 .rodata.pinmuxing
                0x0000000000000f30       0x5c /home/francis/Documents/MCUXpresso_11.0.1_2563/workspace/lpc_board_nxp_lpcxpresso_1769/Debug/liblpc_board_nxp_lpcxpresso_1769.a(board_sysinit.o)
                0x0000000000000f8c                . = ALIGN (0x4)

.glue_7         0x0000000000000f8c        0x0
 .glue_7        0x0000000000000f8c        0x0 linker stubs

.glue_7t        0x0000000000000f8c        0x0
 .glue_7t       0x0000000000000f8c        0x0 linker stubs

.vfp11_veneer   0x0000000000000f8c        0x0
 .vfp11_veneer  0x0000000000000f8c        0x0 linker stubs

.v4_bx          0x0000000000000f8c        0x0
 .v4_bx         0x0000000000000f8c        0x0 linker stubs

.iplt           0x0000000000000f8c        0x0
 .iplt          0x0000000000000f8c        0x0 ./src/character_data_structure.o

.rel.dyn        0x0000000000000f8c        0x0
 .rel.iplt      0x0000000000000f8c        0x0 ./src/character_data_structure.o

.ARM.extab
 *(.ARM.extab* .gnu.linkonce.armextab.*)
                0x0000000000000f8c                __exidx_start = .

.ARM.exidx
 *(.ARM.exidx* .gnu.linkonce.armexidx.*)
                0x0000000000000f8c                __exidx_end = .
                0x0000000000000f8c                _etext = .

.data_RAM2      0x000000002007c000        0x0 load address 0x0000000000000f8c
 FILL mask 0xff
                [!provide]                        PROVIDE (__start_data_RAM2 = .)
 *(.ramfunc.$RAM2)
 *(.ramfunc.$RamAHB32)
 *(.data.$RAM2)
 *(.data.$RamAHB32)
 *(.data.$RAM2.*)
 *(.data.$RamAHB32.*)
                0x000000002007c000                . = ALIGN (0x4)
                [!provide]                        PROVIDE (__end_data_RAM2 = .)

.uninit_RESERVED
                0x0000000010000000        0x0
                0x0000000010000000                . = ALIGN (0x4)
 *(.bss.$RESERVED*)
                0x0000000010000000                . = ALIGN (0x4)
                0x0000000010000000                _end_uninit_RESERVED = .

.data           0x0000000010000000        0x0 load address 0x0000000000000f8c
 FILL mask 0xff
                0x0000000010000000                _data = .
 *(vtable)
 *(.ramfunc*)
 *(CodeQuickAccess)
 *(DataQuickAccess)
 *(RamFunction)
 *(.data*)
                0x0000000010000000                . = ALIGN (0x4)
                0x0000000010000000                _edata = .

.igot.plt       0x0000000010000000        0x0 load address 0x0000000000000f8c
 .igot.plt      0x0000000010000000        0x0 ./src/character_data_structure.o

.bss_RAM2       0x000000002007c000        0x0
                0x000000002007c000                . = ALIGN (0x4)
                [!provide]                        PROVIDE (__start_bss_RAM2 = .)
 *(.bss.$RAM2)
 *(.bss.$RamAHB32)
 *(.bss.$RAM2.*)
 *(.bss.$RamAHB32.*)
                0x000000002007c000                . = ALIGN ((. != 0x0)?0x4:0x1)
                [!provide]                        PROVIDE (__end_bss_RAM2 = .)

.bss            0x0000000010000000        0x8
                0x0000000010000000                . = ALIGN (0x4)
                0x0000000010000000                _bss = .
 *(.bss*)
 .bss.i.7316    0x0000000010000000        0x4 ./src/character_data_structure.o
 *(COMMON)
 COMMON         0x0000000010000004        0x4 /home/francis/Documents/MCUXpresso_11.0.1_2563/workspace/lpc_chip_175x_6x/Debug/liblpc_chip_175x_6x.a(chip_17xx_40xx.o)
                0x0000000010000004                SystemCoreClock
                0x0000000010000008                . = ALIGN (0x4)
                0x0000000010000008                _ebss = .
                [!provide]                        PROVIDE (end = .)

.noinit_RAM2    0x000000002007c000        0x0
                0x000000002007c000                . = ALIGN (0x4)
 *(.noinit.$RAM2)
 *(.noinit.$RamAHB32)
 *(.noinit.$RAM2.*)
 *(.noinit.$RamAHB32.*)
                0x000000002007c000                . = ALIGN (0x4)

.noinit         0x0000000010000008        0x0
                0x0000000010000008                . = ALIGN (0x4)
                0x0000000010000008                _noinit = .
 *(.noinit*)
                0x0000000010000008                . = ALIGN (0x4)
                0x0000000010000008                _end_noinit = .
                [!provide]                        PROVIDE (_pvHeapStart = DEFINED (__user_heap_base)?__user_heap_base:.)
                0x0000000010008000                PROVIDE (_vStackTop = DEFINED (__user_stack_top)?__user_stack_top:(__top_RamLoc32 - 0x0))
                0xffffffffefff74de                PROVIDE (__valid_user_code_checksum = (0x0 - ((((((_vStackTop + (ResetISR + 0x1)) + (NMI_Handler + 0x1)) + (HardFault_Handler + 0x1)) + (DEFINED (MemManage_Handler)?MemManage_Handler:0x0 + 0x1)) + (DEFINED (BusFault_Handler)?BusFault_Handler:0x0 + 0x1)) + (DEFINED (UsageFault_Handler)?UsageFault_Handler:0x0 + 0x1))))
                0x0000000000000000                _image_start = LOADADDR (.text)
                0x0000000000000f8c                _image_end = (LOADADDR (.data) + SIZEOF (.data))
                0x0000000000000f8c                _image_size = (_image_end - _image_start)
OUTPUT(character_data_structure.axf elf32-littlearm)

.debug_info     0x0000000000000000     0x4e46
 .debug_info    0x0000000000000000      0x246 ./src/character_data_structure.o
 .debug_info    0x0000000000000246      0x276 ./src/cr_startup_lpc175x_6x.o
 .debug_info    0x00000000000004bc       0x40 ./src/crp.o
 .debug_info    0x00000000000004fc      0x250 ./src/sysinit.o
 .debug_info    0x000000000000074c     0x1651 /home/francis/Documents/MCUXpresso_11.0.1_2563/workspace/lpc_board_nxp_lpcxpresso_1769/Debug/liblpc_board_nxp_lpcxpresso_1769.a(board.o)
 .debug_info    0x0000000000001d9d      0x71d /home/francis/Documents/MCUXpresso_11.0.1_2563/workspace/lpc_board_nxp_lpcxpresso_1769/Debug/liblpc_board_nxp_lpcxpresso_1769.a(board_sysinit.o)
 .debug_info    0x00000000000024ba      0x591 /home/francis/Documents/MCUXpresso_11.0.1_2563/workspace/lpc_chip_175x_6x/Debug/liblpc_chip_175x_6x.a(chip_17xx_40xx.o)
 .debug_info    0x0000000000002a4b      0xc2a /home/francis/Documents/MCUXpresso_11.0.1_2563/workspace/lpc_chip_175x_6x/Debug/liblpc_chip_175x_6x.a(clock_17xx_40xx.o)
 .debug_info    0x0000000000003675      0x347 /home/francis/Documents/MCUXpresso_11.0.1_2563/workspace/lpc_chip_175x_6x/Debug/liblpc_chip_175x_6x.a(iocon_17xx_40xx.o)
 .debug_info    0x00000000000039bc      0x4b0 /home/francis/Documents/MCUXpresso_11.0.1_2563/workspace/lpc_chip_175x_6x/Debug/liblpc_chip_175x_6x.a(sysinit_17xx_40xx.o)
 .debug_info    0x0000000000003e6c      0xfda /home/francis/Documents/MCUXpresso_11.0.1_2563/workspace/lpc_chip_175x_6x/Debug/liblpc_chip_175x_6x.a(uart_17xx_40xx.o)

.debug_abbrev   0x0000000000000000     0x140a
 .debug_abbrev  0x0000000000000000       0xe6 ./src/character_data_structure.o
 .debug_abbrev  0x00000000000000e6      0x12a ./src/cr_startup_lpc175x_6x.o
 .debug_abbrev  0x0000000000000210       0x38 ./src/crp.o
 .debug_abbrev  0x0000000000000248       0xeb ./src/sysinit.o
 .debug_abbrev  0x0000000000000333      0x413 /home/francis/Documents/MCUXpresso_11.0.1_2563/workspace/lpc_board_nxp_lpcxpresso_1769/Debug/liblpc_board_nxp_lpcxpresso_1769.a(board.o)
 .debug_abbrev  0x0000000000000746      0x1a2 /home/francis/Documents/MCUXpresso_11.0.1_2563/workspace/lpc_board_nxp_lpcxpresso_1769/Debug/liblpc_board_nxp_lpcxpresso_1769.a(board_sysinit.o)
 .debug_abbrev  0x00000000000008e8      0x16d /home/francis/Documents/MCUXpresso_11.0.1_2563/workspace/lpc_chip_175x_6x/Debug/liblpc_chip_175x_6x.a(chip_17xx_40xx.o)
 .debug_abbrev  0x0000000000000a55      0x34d /home/francis/Documents/MCUXpresso_11.0.1_2563/workspace/lpc_chip_175x_6x/Debug/liblpc_chip_175x_6x.a(clock_17xx_40xx.o)
 .debug_abbrev  0x0000000000000da2      0x164 /home/francis/Documents/MCUXpresso_11.0.1_2563/workspace/lpc_chip_175x_6x/Debug/liblpc_chip_175x_6x.a(iocon_17xx_40xx.o)
 .debug_abbrev  0x0000000000000f06      0x1b0 /home/francis/Documents/MCUXpresso_11.0.1_2563/workspace/lpc_chip_175x_6x/Debug/liblpc_chip_175x_6x.a(sysinit_17xx_40xx.o)
 .debug_abbrev  0x00000000000010b6      0x354 /home/francis/Documents/MCUXpresso_11.0.1_2563/workspace/lpc_chip_175x_6x/Debug/liblpc_chip_175x_6x.a(uart_17xx_40xx.o)

.debug_aranges  0x0000000000000000      0x580
 .debug_aranges
                0x0000000000000000       0x20 ./src/character_data_structure.o
 .debug_aranges
                0x0000000000000020       0x80 ./src/cr_startup_lpc175x_6x.o
 .debug_aranges
                0x00000000000000a0       0x18 ./src/crp.o
 .debug_aranges
                0x00000000000000b8       0x20 ./src/sysinit.o
 .debug_aranges
                0x00000000000000d8      0x160 /home/francis/Documents/MCUXpresso_11.0.1_2563/workspace/lpc_board_nxp_lpcxpresso_1769/Debug/liblpc_board_nxp_lpcxpresso_1769.a(board.o)
 .debug_aranges
                0x0000000000000238       0x38 /home/francis/Documents/MCUXpresso_11.0.1_2563/workspace/lpc_board_nxp_lpcxpresso_1769/Debug/liblpc_board_nxp_lpcxpresso_1769.a(board_sysinit.o)
 .debug_aranges
                0x0000000000000270       0x38 /home/francis/Documents/MCUXpresso_11.0.1_2563/workspace/lpc_chip_175x_6x/Debug/liblpc_chip_175x_6x.a(chip_17xx_40xx.o)
 .debug_aranges
                0x00000000000002a8      0x120 /home/francis/Documents/MCUXpresso_11.0.1_2563/workspace/lpc_chip_175x_6x/Debug/liblpc_chip_175x_6x.a(clock_17xx_40xx.o)
 .debug_aranges
                0x00000000000003c8       0x30 /home/francis/Documents/MCUXpresso_11.0.1_2563/workspace/lpc_chip_175x_6x/Debug/liblpc_chip_175x_6x.a(iocon_17xx_40xx.o)
 .debug_aranges
                0x00000000000003f8       0x60 /home/francis/Documents/MCUXpresso_11.0.1_2563/workspace/lpc_chip_175x_6x/Debug/liblpc_chip_175x_6x.a(sysinit_17xx_40xx.o)
 .debug_aranges
                0x0000000000000458      0x128 /home/francis/Documents/MCUXpresso_11.0.1_2563/workspace/lpc_chip_175x_6x/Debug/liblpc_chip_175x_6x.a(uart_17xx_40xx.o)

.debug_ranges   0x0000000000000000      0x4c8
 .debug_ranges  0x0000000000000000       0x10 ./src/character_data_structure.o
 .debug_ranges  0x0000000000000010       0x70 ./src/cr_startup_lpc175x_6x.o
 .debug_ranges  0x0000000000000080       0x10 ./src/sysinit.o
 .debug_ranges  0x0000000000000090      0x150 /home/francis/Documents/MCUXpresso_11.0.1_2563/workspace/lpc_board_nxp_lpcxpresso_1769/Debug/liblpc_board_nxp_lpcxpresso_1769.a(board.o)
 .debug_ranges  0x00000000000001e0       0x28 /home/francis/Documents/MCUXpresso_11.0.1_2563/workspace/lpc_board_nxp_lpcxpresso_1769/Debug/liblpc_board_nxp_lpcxpresso_1769.a(board_sysinit.o)
 .debug_ranges  0x0000000000000208       0x28 /home/francis/Documents/MCUXpresso_11.0.1_2563/workspace/lpc_chip_175x_6x/Debug/liblpc_chip_175x_6x.a(chip_17xx_40xx.o)
 .debug_ranges  0x0000000000000230      0x110 /home/francis/Documents/MCUXpresso_11.0.1_2563/workspace/lpc_chip_175x_6x/Debug/liblpc_chip_175x_6x.a(clock_17xx_40xx.o)
 .debug_ranges  0x0000000000000340       0x20 /home/francis/Documents/MCUXpresso_11.0.1_2563/workspace/lpc_chip_175x_6x/Debug/liblpc_chip_175x_6x.a(iocon_17xx_40xx.o)
 .debug_ranges  0x0000000000000360       0x50 /home/francis/Documents/MCUXpresso_11.0.1_2563/workspace/lpc_chip_175x_6x/Debug/liblpc_chip_175x_6x.a(sysinit_17xx_40xx.o)
 .debug_ranges  0x00000000000003b0      0x118 /home/francis/Documents/MCUXpresso_11.0.1_2563/workspace/lpc_chip_175x_6x/Debug/liblpc_chip_175x_6x.a(uart_17xx_40xx.o)

.debug_macro    0x0000000000000000     0x5817
 .debug_macro   0x0000000000000000      0x220 ./src/character_data_structure.o
 .debug_macro   0x0000000000000220      0xaa2 ./src/character_data_structure.o
 .debug_macro   0x0000000000000cc2       0x10 ./src/character_data_structure.o
 .debug_macro   0x0000000000000cd2      0x12e ./src/character_data_structure.o
 .debug_macro   0x0000000000000e00      0x5b3 ./src/character_data_structure.o
 .debug_macro   0x00000000000013b3       0x22 ./src/character_data_structure.o
 .debug_macro   0x00000000000013d5       0x7b ./src/character_data_structure.o
 .debug_macro   0x0000000000001450       0x10 ./src/character_data_structure.o
 .debug_macro   0x0000000000001460       0x2d ./src/character_data_structure.o
 .debug_macro   0x000000000000148d       0x3a ./src/character_data_structure.o
 .debug_macro   0x00000000000014c7       0x2d ./src/character_data_structure.o
 .debug_macro   0x00000000000014f4      0xbb1 ./src/character_data_structure.o
 .debug_macro   0x00000000000020a5      0x22c ./src/character_data_structure.o
 .debug_macro   0x00000000000022d1       0x42 ./src/character_data_structure.o
 .debug_macro   0x0000000000002313       0x52 ./src/character_data_structure.o
 .debug_macro   0x0000000000002365       0x78 ./src/character_data_structure.o
 .debug_macro   0x00000000000023dd       0x82 ./src/character_data_structure.o
 .debug_macro   0x000000000000245f      0x48c ./src/character_data_structure.o
 .debug_macro   0x00000000000028eb       0x34 ./src/character_data_structure.o
 .debug_macro   0x000000000000291f      0x4c5 ./src/character_data_structure.o
 .debug_macro   0x0000000000002de4      0x1b7 ./src/character_data_structure.o
 .debug_macro   0x0000000000002f9b       0x10 ./src/character_data_structure.o
 .debug_macro   0x0000000000002fab      0x21b ./src/character_data_structure.o
 .debug_macro   0x00000000000031c6      0x1b9 ./src/character_data_structure.o
 .debug_macro   0x000000000000337f       0x40 ./src/character_data_structure.o
 .debug_macro   0x00000000000033bf       0x22 ./src/character_data_structure.o
 .debug_macro   0x00000000000033e1      0x162 ./src/character_data_structure.o
 .debug_macro   0x0000000000003543       0x94 ./src/character_data_structure.o
 .debug_macro   0x00000000000035d7       0xb8 ./src/character_data_structure.o
 .debug_macro   0x000000000000368f       0x4c ./src/character_data_structure.o
 .debug_macro   0x00000000000036db       0x16 ./src/character_data_structure.o
 .debug_macro   0x00000000000036f1      0x328 ./src/character_data_structure.o
 .debug_macro   0x0000000000003a19       0x49 ./src/character_data_structure.o
 .debug_macro   0x0000000000003a62       0x16 ./src/character_data_structure.o
 .debug_macro   0x0000000000003a78       0xca ./src/character_data_structure.o
 .debug_macro   0x0000000000003b42       0x18 ./src/character_data_structure.o
 .debug_macro   0x0000000000003b5a       0x70 ./src/character_data_structure.o
 .debug_macro   0x0000000000003bca       0x9a ./src/character_data_structure.o
 .debug_macro   0x0000000000003c64       0x20 ./src/character_data_structure.o
 .debug_macro   0x0000000000003c84       0x28 ./src/character_data_structure.o
 .debug_macro   0x0000000000003cac       0x82 ./src/character_data_structure.o
 .debug_macro   0x0000000000003d2e       0x1d ./src/cr_startup_lpc175x_6x.o
 .debug_macro   0x0000000000003d4b       0x1a ./src/crp.o
 .debug_macro   0x0000000000003d65       0x34 ./src/crp.o
 .debug_macro   0x0000000000003d99      0x217 ./src/sysinit.o
 .debug_macro   0x0000000000003fb0      0x2a1 /home/francis/Documents/MCUXpresso_11.0.1_2563/workspace/lpc_board_nxp_lpcxpresso_1769/Debug/liblpc_board_nxp_lpcxpresso_1769.a(board.o)
 .debug_macro   0x0000000000004251      0xa9c /home/francis/Documents/MCUXpresso_11.0.1_2563/workspace/lpc_board_nxp_lpcxpresso_1769/Debug/liblpc_board_nxp_lpcxpresso_1769.a(board.o)
 .debug_macro   0x0000000000004ced       0x12 /home/francis/Documents/MCUXpresso_11.0.1_2563/workspace/lpc_board_nxp_lpcxpresso_1769/Debug/liblpc_board_nxp_lpcxpresso_1769.a(board.o)
 .debug_macro   0x0000000000004cff      0x217 /home/francis/Documents/MCUXpresso_11.0.1_2563/workspace/lpc_board_nxp_lpcxpresso_1769/Debug/liblpc_board_nxp_lpcxpresso_1769.a(board_sysinit.o)
 .debug_macro   0x0000000000004f16      0x1cd /home/francis/Documents/MCUXpresso_11.0.1_2563/workspace/lpc_chip_175x_6x/Debug/liblpc_chip_175x_6x.a(chip_17xx_40xx.o)
 .debug_macro   0x00000000000050e3      0x1cd /home/francis/Documents/MCUXpresso_11.0.1_2563/workspace/lpc_chip_175x_6x/Debug/liblpc_chip_175x_6x.a(clock_17xx_40xx.o)
 .debug_macro   0x00000000000052b0      0x1cd /home/francis/Documents/MCUXpresso_11.0.1_2563/workspace/lpc_chip_175x_6x/Debug/liblpc_chip_175x_6x.a(iocon_17xx_40xx.o)
 .debug_macro   0x000000000000547d      0x1cd /home/francis/Documents/MCUXpresso_11.0.1_2563/workspace/lpc_chip_175x_6x/Debug/liblpc_chip_175x_6x.a(sysinit_17xx_40xx.o)
 .debug_macro   0x000000000000564a      0x1cd /home/francis/Documents/MCUXpresso_11.0.1_2563/workspace/lpc_chip_175x_6x/Debug/liblpc_chip_175x_6x.a(uart_17xx_40xx.o)

.debug_line     0x0000000000000000     0x417b
 .debug_line    0x0000000000000000      0x5bc ./src/character_data_structure.o
 .debug_line    0x00000000000005bc      0x160 ./src/cr_startup_lpc175x_6x.o
 .debug_line    0x000000000000071c       0xb5 ./src/crp.o
 .debug_line    0x00000000000007d1      0x51e ./src/sysinit.o
 .debug_line    0x0000000000000cef      0xabf /home/francis/Documents/MCUXpresso_11.0.1_2563/workspace/lpc_board_nxp_lpcxpresso_1769/Debug/liblpc_board_nxp_lpcxpresso_1769.a(board.o)
 .debug_line    0x00000000000017ae      0x577 /home/francis/Documents/MCUXpresso_11.0.1_2563/workspace/lpc_board_nxp_lpcxpresso_1769/Debug/liblpc_board_nxp_lpcxpresso_1769.a(board_sysinit.o)
 .debug_line    0x0000000000001d25      0x525 /home/francis/Documents/MCUXpresso_11.0.1_2563/workspace/lpc_chip_175x_6x/Debug/liblpc_chip_175x_6x.a(chip_17xx_40xx.o)
 .debug_line    0x000000000000224a      0x98c /home/francis/Documents/MCUXpresso_11.0.1_2563/workspace/lpc_chip_175x_6x/Debug/liblpc_chip_175x_6x.a(clock_17xx_40xx.o)
 .debug_line    0x0000000000002bd6      0x541 /home/francis/Documents/MCUXpresso_11.0.1_2563/workspace/lpc_chip_175x_6x/Debug/liblpc_chip_175x_6x.a(iocon_17xx_40xx.o)
 .debug_line    0x0000000000003117      0x5fe /home/francis/Documents/MCUXpresso_11.0.1_2563/workspace/lpc_chip_175x_6x/Debug/liblpc_chip_175x_6x.a(sysinit_17xx_40xx.o)
 .debug_line    0x0000000000003715      0xa66 /home/francis/Documents/MCUXpresso_11.0.1_2563/workspace/lpc_chip_175x_6x/Debug/liblpc_chip_175x_6x.a(uart_17xx_40xx.o)

.debug_str      0x0000000000000000    0x13a1e
 .debug_str     0x0000000000000000    0x116ec ./src/character_data_structure.o
                                      0x117cf (size before relaxing)
 .debug_str     0x00000000000116ec      0x1d6 ./src/cr_startup_lpc175x_6x.o
                                       0x2fb0 (size before relaxing)
 .debug_str     0x00000000000118c2       0xe9 ./src/crp.o
                                       0x2ebd (size before relaxing)
 .debug_str     0x00000000000119ab       0x1b ./src/sysinit.o
                                      0x11392 (size before relaxing)
 .debug_str     0x00000000000119c6     0x1014 /home/francis/Documents/MCUXpresso_11.0.1_2563/workspace/lpc_board_nxp_lpcxpresso_1769/Debug/liblpc_board_nxp_lpcxpresso_1769.a(board.o)
                                      0x1229f (size before relaxing)
 .debug_str     0x00000000000129da      0x22d /home/francis/Documents/MCUXpresso_11.0.1_2563/workspace/lpc_board_nxp_lpcxpresso_1769/Debug/liblpc_board_nxp_lpcxpresso_1769.a(board_sysinit.o)
                                      0x11785 (size before relaxing)
 .debug_str     0x0000000000012c07       0xc3 /home/francis/Documents/MCUXpresso_11.0.1_2563/workspace/lpc_chip_175x_6x/Debug/liblpc_chip_175x_6x.a(chip_17xx_40xx.o)
                                      0x113d5 (size before relaxing)
 .debug_str     0x0000000000012cca      0x857 /home/francis/Documents/MCUXpresso_11.0.1_2563/workspace/lpc_chip_175x_6x/Debug/liblpc_chip_175x_6x.a(clock_17xx_40xx.o)
                                      0x11a53 (size before relaxing)
 .debug_str     0x0000000000013521       0x79 /home/francis/Documents/MCUXpresso_11.0.1_2563/workspace/lpc_chip_175x_6x/Debug/liblpc_chip_175x_6x.a(iocon_17xx_40xx.o)
                                      0x10ed0 (size before relaxing)
 .debug_str     0x000000000001359a       0xc4 /home/francis/Documents/MCUXpresso_11.0.1_2563/workspace/lpc_chip_175x_6x/Debug/liblpc_chip_175x_6x.a(sysinit_17xx_40xx.o)
                                      0x110b8 (size before relaxing)
 .debug_str     0x000000000001365e      0x3c0 /home/francis/Documents/MCUXpresso_11.0.1_2563/workspace/lpc_chip_175x_6x/Debug/liblpc_chip_175x_6x.a(uart_17xx_40xx.o)
                                      0x11928 (size before relaxing)

.comment        0x0000000000000000       0x75
 .comment       0x0000000000000000       0x75 ./src/character_data_structure.o
                                         0x76 (size before relaxing)
 .comment       0x0000000000000075       0x76 ./src/cr_startup_lpc175x_6x.o
 .comment       0x0000000000000075       0x76 ./src/crp.o
 .comment       0x0000000000000075       0x76 ./src/sysinit.o
 .comment       0x0000000000000075       0x76 /home/francis/Documents/MCUXpresso_11.0.1_2563/workspace/lpc_board_nxp_lpcxpresso_1769/Debug/liblpc_board_nxp_lpcxpresso_1769.a(board.o)
 .comment       0x0000000000000075       0x76 /home/francis/Documents/MCUXpresso_11.0.1_2563/workspace/lpc_board_nxp_lpcxpresso_1769/Debug/liblpc_board_nxp_lpcxpresso_1769.a(board_sysinit.o)
 .comment       0x0000000000000075       0x76 /home/francis/Documents/MCUXpresso_11.0.1_2563/workspace/lpc_chip_175x_6x/Debug/liblpc_chip_175x_6x.a(chip_17xx_40xx.o)
 .comment       0x0000000000000075       0x76 /home/francis/Documents/MCUXpresso_11.0.1_2563/workspace/lpc_chip_175x_6x/Debug/liblpc_chip_175x_6x.a(clock_17xx_40xx.o)
 .comment       0x0000000000000075       0x76 /home/francis/Documents/MCUXpresso_11.0.1_2563/workspace/lpc_chip_175x_6x/Debug/liblpc_chip_175x_6x.a(iocon_17xx_40xx.o)
 .comment       0x0000000000000075       0x76 /home/francis/Documents/MCUXpresso_11.0.1_2563/workspace/lpc_chip_175x_6x/Debug/liblpc_chip_175x_6x.a(sysinit_17xx_40xx.o)
 .comment       0x0000000000000075       0x76 /home/francis/Documents/MCUXpresso_11.0.1_2563/workspace/lpc_chip_175x_6x/Debug/liblpc_chip_175x_6x.a(uart_17xx_40xx.o)
 .comment       0x0000000000000075       0x76 /usr/local/mcuxpressoide-11.0.1_2563/ide/plugins/com.nxp.mcuxpresso.tools.linux_11.0.1.201907311258/tools/bin/../lib/gcc/arm-none-eabi/8.2.1/../../../../arm-none-eabi/lib/thumb/v7-m/nofp/libcr_c.a(__weak__main.o)

.ARM.attributes
                0x0000000000000000       0x2b
 .ARM.attributes
                0x0000000000000000       0x2d ./src/character_data_structure.o
 .ARM.attributes
                0x000000000000002d       0x2d ./src/cr_startup_lpc175x_6x.o
 .ARM.attributes
                0x000000000000005a       0x33 ./src/crp.o
 .ARM.attributes
                0x000000000000008d       0x2d ./src/sysinit.o
 .ARM.attributes
                0x00000000000000ba       0x2d /home/francis/Documents/MCUXpresso_11.0.1_2563/workspace/lpc_board_nxp_lpcxpresso_1769/Debug/liblpc_board_nxp_lpcxpresso_1769.a(board.o)
 .ARM.attributes
                0x00000000000000e7       0x2d /home/francis/Documents/MCUXpresso_11.0.1_2563/workspace/lpc_board_nxp_lpcxpresso_1769/Debug/liblpc_board_nxp_lpcxpresso_1769.a(board_sysinit.o)
 .ARM.attributes
                0x0000000000000114       0x2d /home/francis/Documents/MCUXpresso_11.0.1_2563/workspace/lpc_chip_175x_6x/Debug/liblpc_chip_175x_6x.a(chip_17xx_40xx.o)
 .ARM.attributes
                0x0000000000000141       0x2d /home/francis/Documents/MCUXpresso_11.0.1_2563/workspace/lpc_chip_175x_6x/Debug/liblpc_chip_175x_6x.a(clock_17xx_40xx.o)
 .ARM.attributes
                0x000000000000016e       0x2d /home/francis/Documents/MCUXpresso_11.0.1_2563/workspace/lpc_chip_175x_6x/Debug/liblpc_chip_175x_6x.a(iocon_17xx_40xx.o)
 .ARM.attributes
                0x000000000000019b       0x2d /home/francis/Documents/MCUXpresso_11.0.1_2563/workspace/lpc_chip_175x_6x/Debug/liblpc_chip_175x_6x.a(sysinit_17xx_40xx.o)
 .ARM.attributes
                0x00000000000001c8       0x2d /home/francis/Documents/MCUXpresso_11.0.1_2563/workspace/lpc_chip_175x_6x/Debug/liblpc_chip_175x_6x.a(uart_17xx_40xx.o)
 .ARM.attributes
                0x00000000000001f5       0x2d /usr/local/mcuxpressoide-11.0.1_2563/ide/plugins/com.nxp.mcuxpresso.tools.linux_11.0.1.201907311258/tools/bin/../lib/gcc/arm-none-eabi/8.2.1/../../../../arm-none-eabi/lib/thumb/v7-m/nofp/libcr_c.a(__weak__main.o)

.debug_frame    0x0000000000000000     0x1424
 .debug_frame   0x0000000000000000       0x2c ./src/character_data_structure.o
 .debug_frame   0x000000000000002c      0x170 ./src/cr_startup_lpc175x_6x.o
 .debug_frame   0x000000000000019c       0x34 ./src/sysinit.o
 .debug_frame   0x00000000000001d0      0x5d4 /home/francis/Documents/MCUXpresso_11.0.1_2563/workspace/lpc_board_nxp_lpcxpresso_1769/Debug/liblpc_board_nxp_lpcxpresso_1769.a(board.o)
 .debug_frame   0x00000000000007a4       0x8c /home/francis/Documents/MCUXpresso_11.0.1_2563/workspace/lpc_board_nxp_lpcxpresso_1769/Debug/liblpc_board_nxp_lpcxpresso_1769.a(board_sysinit.o)
 .debug_frame   0x0000000000000830       0x88 /home/francis/Documents/MCUXpresso_11.0.1_2563/workspace/lpc_chip_175x_6x/Debug/liblpc_chip_175x_6x.a(chip_17xx_40xx.o)
 .debug_frame   0x00000000000008b8      0x490 /home/francis/Documents/MCUXpresso_11.0.1_2563/workspace/lpc_chip_175x_6x/Debug/liblpc_chip_175x_6x.a(clock_17xx_40xx.o)
 .debug_frame   0x0000000000000d48       0x80 /home/francis/Documents/MCUXpresso_11.0.1_2563/workspace/lpc_chip_175x_6x/Debug/liblpc_chip_175x_6x.a(iocon_17xx_40xx.o)
 .debug_frame   0x0000000000000dc8      0x12c /home/francis/Documents/MCUXpresso_11.0.1_2563/workspace/lpc_chip_175x_6x/Debug/liblpc_chip_175x_6x.a(sysinit_17xx_40xx.o)
 .debug_frame   0x0000000000000ef4      0x530 /home/francis/Documents/MCUXpresso_11.0.1_2563/workspace/lpc_chip_175x_6x/Debug/liblpc_chip_175x_6x.a(uart_17xx_40xx.o)

Cross Reference Table

Symbol                                            File
ADC_IRQHandler                                    ./src/cr_startup_lpc175x_6x.o
BOD_IRQHandler                                    ./src/cr_startup_lpc175x_6x.o
Board_Audio_Init                                  /home/francis/Documents/MCUXpresso_11.0.1_2563/workspace/lpc_board_nxp_lpcxpresso_1769/Debug/liblpc_board_nxp_lpcxpresso_1769.a(board.o)
Board_Buttons_Init                                /home/francis/Documents/MCUXpresso_11.0.1_2563/workspace/lpc_board_nxp_lpcxpresso_1769/Debug/liblpc_board_nxp_lpcxpresso_1769.a(board.o)
Board_Debug_Init                                  /home/francis/Documents/MCUXpresso_11.0.1_2563/workspace/lpc_board_nxp_lpcxpresso_1769/Debug/liblpc_board_nxp_lpcxpresso_1769.a(board.o)
Board_ENET_GetMacADDR                             /home/francis/Documents/MCUXpresso_11.0.1_2563/workspace/lpc_board_nxp_lpcxpresso_1769/Debug/liblpc_board_nxp_lpcxpresso_1769.a(board.o)
Board_I2C_Init                                    /home/francis/Documents/MCUXpresso_11.0.1_2563/workspace/lpc_board_nxp_lpcxpresso_1769/Debug/liblpc_board_nxp_lpcxpresso_1769.a(board.o)
Board_Init                                        /home/francis/Documents/MCUXpresso_11.0.1_2563/workspace/lpc_board_nxp_lpcxpresso_1769/Debug/liblpc_board_nxp_lpcxpresso_1769.a(board.o)
                                                  ./src/character_data_structure.o
Board_Joystick_Init                               /home/francis/Documents/MCUXpresso_11.0.1_2563/workspace/lpc_board_nxp_lpcxpresso_1769/Debug/liblpc_board_nxp_lpcxpresso_1769.a(board.o)
Board_LED_Set                                     /home/francis/Documents/MCUXpresso_11.0.1_2563/workspace/lpc_board_nxp_lpcxpresso_1769/Debug/liblpc_board_nxp_lpcxpresso_1769.a(board.o)
                                                  ./src/character_data_structure.o
Board_LED_Test                                    /home/francis/Documents/MCUXpresso_11.0.1_2563/workspace/lpc_board_nxp_lpcxpresso_1769/Debug/liblpc_board_nxp_lpcxpresso_1769.a(board.o)
Board_LED_Toggle                                  /home/francis/Documents/MCUXpresso_11.0.1_2563/workspace/lpc_board_nxp_lpcxpresso_1769/Debug/liblpc_board_nxp_lpcxpresso_1769.a(board.o)
Board_SPI_AssertSSEL                              /home/francis/Documents/MCUXpresso_11.0.1_2563/workspace/lpc_board_nxp_lpcxpresso_1769/Debug/liblpc_board_nxp_lpcxpresso_1769.a(board.o)
Board_SPI_DeassertSSEL                            /home/francis/Documents/MCUXpresso_11.0.1_2563/workspace/lpc_board_nxp_lpcxpresso_1769/Debug/liblpc_board_nxp_lpcxpresso_1769.a(board.o)
Board_SPI_Init                                    /home/francis/Documents/MCUXpresso_11.0.1_2563/workspace/lpc_board_nxp_lpcxpresso_1769/Debug/liblpc_board_nxp_lpcxpresso_1769.a(board.o)
Board_SSP_Init                                    /home/francis/Documents/MCUXpresso_11.0.1_2563/workspace/lpc_board_nxp_lpcxpresso_1769/Debug/liblpc_board_nxp_lpcxpresso_1769.a(board.o)
Board_SetupClocking                               /home/francis/Documents/MCUXpresso_11.0.1_2563/workspace/lpc_board_nxp_lpcxpresso_1769/Debug/liblpc_board_nxp_lpcxpresso_1769.a(board_sysinit.o)
Board_SetupMuxing                                 /home/francis/Documents/MCUXpresso_11.0.1_2563/workspace/lpc_board_nxp_lpcxpresso_1769/Debug/liblpc_board_nxp_lpcxpresso_1769.a(board_sysinit.o)
Board_SystemInit                                  /home/francis/Documents/MCUXpresso_11.0.1_2563/workspace/lpc_board_nxp_lpcxpresso_1769/Debug/liblpc_board_nxp_lpcxpresso_1769.a(board_sysinit.o)
                                                  ./src/sysinit.o
Board_UARTGetChar                                 /home/francis/Documents/MCUXpresso_11.0.1_2563/workspace/lpc_board_nxp_lpcxpresso_1769/Debug/liblpc_board_nxp_lpcxpresso_1769.a(board.o)
Board_UARTPutChar                                 /home/francis/Documents/MCUXpresso_11.0.1_2563/workspace/lpc_board_nxp_lpcxpresso_1769/Debug/liblpc_board_nxp_lpcxpresso_1769.a(board.o)
Board_UARTPutSTR                                  /home/francis/Documents/MCUXpresso_11.0.1_2563/workspace/lpc_board_nxp_lpcxpresso_1769/Debug/liblpc_board_nxp_lpcxpresso_1769.a(board.o)
Board_UART_Init                                   /home/francis/Documents/MCUXpresso_11.0.1_2563/workspace/lpc_board_nxp_lpcxpresso_1769/Debug/liblpc_board_nxp_lpcxpresso_1769.a(board.o)
Board_USBD_Init                                   /home/francis/Documents/MCUXpresso_11.0.1_2563/workspace/lpc_board_nxp_lpcxpresso_1769/Debug/liblpc_board_nxp_lpcxpresso_1769.a(board.o)
BusFault_Handler                                  ./src/cr_startup_lpc175x_6x.o
Buttons_GetStatus                                 /home/francis/Documents/MCUXpresso_11.0.1_2563/workspace/lpc_board_nxp_lpcxpresso_1769/Debug/liblpc_board_nxp_lpcxpresso_1769.a(board.o)
CANActivity_IRQHandler                            ./src/cr_startup_lpc175x_6x.o
CAN_IRQHandler                                    ./src/cr_startup_lpc175x_6x.o
CRP_WORD                                          ./src/crp.o
Chip_Clock_DisablePLL                             /home/francis/Documents/MCUXpresso_11.0.1_2563/workspace/lpc_chip_175x_6x/Debug/liblpc_chip_175x_6x.a(clock_17xx_40xx.o)
                                                  /home/francis/Documents/MCUXpresso_11.0.1_2563/workspace/lpc_chip_175x_6x/Debug/liblpc_chip_175x_6x.a(sysinit_17xx_40xx.o)
Chip_Clock_DisablePeriphClock                     /home/francis/Documents/MCUXpresso_11.0.1_2563/workspace/lpc_chip_175x_6x/Debug/liblpc_chip_175x_6x.a(clock_17xx_40xx.o)
                                                  /home/francis/Documents/MCUXpresso_11.0.1_2563/workspace/lpc_chip_175x_6x/Debug/liblpc_chip_175x_6x.a(uart_17xx_40xx.o)
                                                  /home/francis/Documents/MCUXpresso_11.0.1_2563/workspace/lpc_chip_175x_6x/Debug/liblpc_chip_175x_6x.a(i2s_17xx_40xx.o)
Chip_Clock_EnablePLL                              /home/francis/Documents/MCUXpresso_11.0.1_2563/workspace/lpc_chip_175x_6x/Debug/liblpc_chip_175x_6x.a(clock_17xx_40xx.o)
                                                  /home/francis/Documents/MCUXpresso_11.0.1_2563/workspace/lpc_chip_175x_6x/Debug/liblpc_chip_175x_6x.a(sysinit_17xx_40xx.o)
                                                  /home/francis/Documents/MCUXpresso_11.0.1_2563/workspace/lpc_chip_175x_6x/Debug/liblpc_chip_175x_6x.a(chip_17xx_40xx.o)
Chip_Clock_EnablePeriphClock                      /home/francis/Documents/MCUXpresso_11.0.1_2563/workspace/lpc_chip_175x_6x/Debug/liblpc_chip_175x_6x.a(clock_17xx_40xx.o)
                                                  /home/francis/Documents/MCUXpresso_11.0.1_2563/workspace/lpc_chip_175x_6x/Debug/liblpc_chip_175x_6x.a(uart_17xx_40xx.o)
                                                  /home/francis/Documents/MCUXpresso_11.0.1_2563/workspace/lpc_chip_175x_6x/Debug/liblpc_chip_175x_6x.a(i2s_17xx_40xx.o)
                                                  /home/francis/Documents/MCUXpresso_11.0.1_2563/workspace/lpc_chip_175x_6x/Debug/liblpc_chip_175x_6x.a(chip_17xx_40xx.o)
                                                  /home/francis/Documents/MCUXpresso_11.0.1_2563/workspace/lpc_board_nxp_lpcxpresso_1769/Debug/liblpc_board_nxp_lpcxpresso_1769.a(board.o)
Chip_Clock_GetCPUClockDiv                         /home/francis/Documents/MCUXpresso_11.0.1_2563/workspace/lpc_chip_175x_6x/Debug/liblpc_chip_175x_6x.a(clock_17xx_40xx.o)
Chip_Clock_GetCPUClockSource                      /home/francis/Documents/MCUXpresso_11.0.1_2563/workspace/lpc_chip_175x_6x/Debug/liblpc_chip_175x_6x.a(clock_17xx_40xx.o)
Chip_Clock_GetMainClockRate                       /home/francis/Documents/MCUXpresso_11.0.1_2563/workspace/lpc_chip_175x_6x/Debug/liblpc_chip_175x_6x.a(clock_17xx_40xx.o)
Chip_Clock_GetMainPLLOutClockRate                 /home/francis/Documents/MCUXpresso_11.0.1_2563/workspace/lpc_chip_175x_6x/Debug/liblpc_chip_175x_6x.a(clock_17xx_40xx.o)
Chip_Clock_GetPCLKDiv                             /home/francis/Documents/MCUXpresso_11.0.1_2563/workspace/lpc_chip_175x_6x/Debug/liblpc_chip_175x_6x.a(clock_17xx_40xx.o)
Chip_Clock_GetPeripheralClockRate                 /home/francis/Documents/MCUXpresso_11.0.1_2563/workspace/lpc_chip_175x_6x/Debug/liblpc_chip_175x_6x.a(clock_17xx_40xx.o)
                                                  /home/francis/Documents/MCUXpresso_11.0.1_2563/workspace/lpc_chip_175x_6x/Debug/liblpc_chip_175x_6x.a(uart_17xx_40xx.o)
                                                  /home/francis/Documents/MCUXpresso_11.0.1_2563/workspace/lpc_chip_175x_6x/Debug/liblpc_chip_175x_6x.a(i2s_17xx_40xx.o)
Chip_Clock_GetSYSCLKRate                          /home/francis/Documents/MCUXpresso_11.0.1_2563/workspace/lpc_chip_175x_6x/Debug/liblpc_chip_175x_6x.a(clock_17xx_40xx.o)
Chip_Clock_GetSystemClockRate                     /home/francis/Documents/MCUXpresso_11.0.1_2563/workspace/lpc_chip_175x_6x/Debug/liblpc_chip_175x_6x.a(clock_17xx_40xx.o)
                                                  /home/francis/Documents/MCUXpresso_11.0.1_2563/workspace/lpc_chip_175x_6x/Debug/liblpc_chip_175x_6x.a(chip_17xx_40xx.o)
Chip_Clock_GetUSBClockDiv                         /home/francis/Documents/MCUXpresso_11.0.1_2563/workspace/lpc_chip_175x_6x/Debug/liblpc_chip_175x_6x.a(clock_17xx_40xx.o)
Chip_Clock_GetUSBClockRate                        /home/francis/Documents/MCUXpresso_11.0.1_2563/workspace/lpc_chip_175x_6x/Debug/liblpc_chip_175x_6x.a(clock_17xx_40xx.o)
Chip_Clock_GetUSBPLLOutClockRate                  /home/francis/Documents/MCUXpresso_11.0.1_2563/workspace/lpc_chip_175x_6x/Debug/liblpc_chip_175x_6x.a(clock_17xx_40xx.o)
Chip_Clock_IsPeripheralClockEnabled               /home/francis/Documents/MCUXpresso_11.0.1_2563/workspace/lpc_chip_175x_6x/Debug/liblpc_chip_175x_6x.a(clock_17xx_40xx.o)
Chip_Clock_SetCLKOUTSource                        /home/francis/Documents/MCUXpresso_11.0.1_2563/workspace/lpc_chip_175x_6x/Debug/liblpc_chip_175x_6x.a(clock_17xx_40xx.o)
Chip_Clock_SetCPUClockDiv                         /home/francis/Documents/MCUXpresso_11.0.1_2563/workspace/lpc_chip_175x_6x/Debug/liblpc_chip_175x_6x.a(clock_17xx_40xx.o)
                                                  /home/francis/Documents/MCUXpresso_11.0.1_2563/workspace/lpc_chip_175x_6x/Debug/liblpc_chip_175x_6x.a(sysinit_17xx_40xx.o)
Chip_Clock_SetCPUClockSource                      /home/francis/Documents/MCUXpresso_11.0.1_2563/workspace/lpc_chip_175x_6x/Debug/liblpc_chip_175x_6x.a(clock_17xx_40xx.o)
Chip_Clock_SetPCLKDiv                             /home/francis/Documents/MCUXpresso_11.0.1_2563/workspace/lpc_chip_175x_6x/Debug/liblpc_chip_175x_6x.a(clock_17xx_40xx.o)
Chip_Clock_SetUSBClockDiv                         /home/francis/Documents/MCUXpresso_11.0.1_2563/workspace/lpc_chip_175x_6x/Debug/liblpc_chip_175x_6x.a(clock_17xx_40xx.o)
Chip_Clock_SetupPLL                               /home/francis/Documents/MCUXpresso_11.0.1_2563/workspace/lpc_chip_175x_6x/Debug/liblpc_chip_175x_6x.a(clock_17xx_40xx.o)
                                                  /home/francis/Documents/MCUXpresso_11.0.1_2563/workspace/lpc_chip_175x_6x/Debug/liblpc_chip_175x_6x.a(sysinit_17xx_40xx.o)
                                                  /home/francis/Documents/MCUXpresso_11.0.1_2563/workspace/lpc_chip_175x_6x/Debug/liblpc_chip_175x_6x.a(chip_17xx_40xx.o)
Chip_I2S_DMA_RxCmd                                /home/francis/Documents/MCUXpresso_11.0.1_2563/workspace/lpc_chip_175x_6x/Debug/liblpc_chip_175x_6x.a(i2s_17xx_40xx.o)
Chip_I2S_DMA_TxCmd                                /home/francis/Documents/MCUXpresso_11.0.1_2563/workspace/lpc_chip_175x_6x/Debug/liblpc_chip_175x_6x.a(i2s_17xx_40xx.o)
Chip_I2S_DeInit                                   /home/francis/Documents/MCUXpresso_11.0.1_2563/workspace/lpc_chip_175x_6x/Debug/liblpc_chip_175x_6x.a(i2s_17xx_40xx.o)
Chip_I2S_Init                                     /home/francis/Documents/MCUXpresso_11.0.1_2563/workspace/lpc_chip_175x_6x/Debug/liblpc_chip_175x_6x.a(i2s_17xx_40xx.o)
                                                  /home/francis/Documents/MCUXpresso_11.0.1_2563/workspace/lpc_board_nxp_lpcxpresso_1769/Debug/liblpc_board_nxp_lpcxpresso_1769.a(board.o)
Chip_I2S_Int_RxCmd                                /home/francis/Documents/MCUXpresso_11.0.1_2563/workspace/lpc_chip_175x_6x/Debug/liblpc_chip_175x_6x.a(i2s_17xx_40xx.o)
Chip_I2S_Int_TxCmd                                /home/francis/Documents/MCUXpresso_11.0.1_2563/workspace/lpc_chip_175x_6x/Debug/liblpc_chip_175x_6x.a(i2s_17xx_40xx.o)
Chip_I2S_RxConfig                                 /home/francis/Documents/MCUXpresso_11.0.1_2563/workspace/lpc_chip_175x_6x/Debug/liblpc_chip_175x_6x.a(i2s_17xx_40xx.o)
Chip_I2S_TxConfig                                 /home/francis/Documents/MCUXpresso_11.0.1_2563/workspace/lpc_chip_175x_6x/Debug/liblpc_chip_175x_6x.a(i2s_17xx_40xx.o)
                                                  /home/francis/Documents/MCUXpresso_11.0.1_2563/workspace/lpc_board_nxp_lpcxpresso_1769/Debug/liblpc_board_nxp_lpcxpresso_1769.a(board.o)
Chip_IOCON_PinMux                                 /home/francis/Documents/MCUXpresso_11.0.1_2563/workspace/lpc_chip_175x_6x/Debug/liblpc_chip_175x_6x.a(iocon_17xx_40xx.o)
                                                  /home/francis/Documents/MCUXpresso_11.0.1_2563/workspace/lpc_board_nxp_lpcxpresso_1769/Debug/liblpc_board_nxp_lpcxpresso_1769.a(board.o)
Chip_IOCON_PinMuxSet                              /home/francis/Documents/MCUXpresso_11.0.1_2563/workspace/lpc_chip_175x_6x/Debug/liblpc_chip_175x_6x.a(iocon_17xx_40xx.o)
Chip_IOCON_SetPinMuxing                           /home/francis/Documents/MCUXpresso_11.0.1_2563/workspace/lpc_chip_175x_6x/Debug/liblpc_chip_175x_6x.a(iocon_17xx_40xx.o)
                                                  /home/francis/Documents/MCUXpresso_11.0.1_2563/workspace/lpc_board_nxp_lpcxpresso_1769/Debug/liblpc_board_nxp_lpcxpresso_1769.a(board_sysinit.o)
Chip_SetupIrcClocking                             /home/francis/Documents/MCUXpresso_11.0.1_2563/workspace/lpc_chip_175x_6x/Debug/liblpc_chip_175x_6x.a(sysinit_17xx_40xx.o)
Chip_SetupXtalClocking                            /home/francis/Documents/MCUXpresso_11.0.1_2563/workspace/lpc_chip_175x_6x/Debug/liblpc_chip_175x_6x.a(sysinit_17xx_40xx.o)
                                                  /home/francis/Documents/MCUXpresso_11.0.1_2563/workspace/lpc_board_nxp_lpcxpresso_1769/Debug/liblpc_board_nxp_lpcxpresso_1769.a(board_sysinit.o)
Chip_SystemInit                                   /home/francis/Documents/MCUXpresso_11.0.1_2563/workspace/lpc_chip_175x_6x/Debug/liblpc_chip_175x_6x.a(sysinit_17xx_40xx.o)
Chip_UART_ABCmd                                   /home/francis/Documents/MCUXpresso_11.0.1_2563/workspace/lpc_chip_175x_6x/Debug/liblpc_chip_175x_6x.a(uart_17xx_40xx.o)
Chip_UART_CheckBusy                               /home/francis/Documents/MCUXpresso_11.0.1_2563/workspace/lpc_chip_175x_6x/Debug/liblpc_chip_175x_6x.a(uart_17xx_40xx.o)
Chip_UART_DeInit                                  /home/francis/Documents/MCUXpresso_11.0.1_2563/workspace/lpc_chip_175x_6x/Debug/liblpc_chip_175x_6x.a(uart_17xx_40xx.o)
Chip_UART_GetABEOStatus                           /home/francis/Documents/MCUXpresso_11.0.1_2563/workspace/lpc_chip_175x_6x/Debug/liblpc_chip_175x_6x.a(uart_17xx_40xx.o)
Chip_UART_IRQRBHandler                            /home/francis/Documents/MCUXpresso_11.0.1_2563/workspace/lpc_chip_175x_6x/Debug/liblpc_chip_175x_6x.a(uart_17xx_40xx.o)
Chip_UART_Init                                    /home/francis/Documents/MCUXpresso_11.0.1_2563/workspace/lpc_chip_175x_6x/Debug/liblpc_chip_175x_6x.a(uart_17xx_40xx.o)
                                                  /home/francis/Documents/MCUXpresso_11.0.1_2563/workspace/lpc_board_nxp_lpcxpresso_1769/Debug/liblpc_board_nxp_lpcxpresso_1769.a(board.o)
Chip_UART_RXIntHandlerRB                          /home/francis/Documents/MCUXpresso_11.0.1_2563/workspace/lpc_chip_175x_6x/Debug/liblpc_chip_175x_6x.a(uart_17xx_40xx.o)
Chip_UART_Read                                    /home/francis/Documents/MCUXpresso_11.0.1_2563/workspace/lpc_chip_175x_6x/Debug/liblpc_chip_175x_6x.a(uart_17xx_40xx.o)
Chip_UART_ReadBlocking                            /home/francis/Documents/MCUXpresso_11.0.1_2563/workspace/lpc_chip_175x_6x/Debug/liblpc_chip_175x_6x.a(uart_17xx_40xx.o)
Chip_UART_ReadRB                                  /home/francis/Documents/MCUXpresso_11.0.1_2563/workspace/lpc_chip_175x_6x/Debug/liblpc_chip_175x_6x.a(uart_17xx_40xx.o)
Chip_UART_Send                                    /home/francis/Documents/MCUXpresso_11.0.1_2563/workspace/lpc_chip_175x_6x/Debug/liblpc_chip_175x_6x.a(uart_17xx_40xx.o)
Chip_UART_SendBlocking                            /home/francis/Documents/MCUXpresso_11.0.1_2563/workspace/lpc_chip_175x_6x/Debug/liblpc_chip_175x_6x.a(uart_17xx_40xx.o)
Chip_UART_SendRB                                  /home/francis/Documents/MCUXpresso_11.0.1_2563/workspace/lpc_chip_175x_6x/Debug/liblpc_chip_175x_6x.a(uart_17xx_40xx.o)
Chip_UART_SetBaud                                 /home/francis/Documents/MCUXpresso_11.0.1_2563/workspace/lpc_chip_175x_6x/Debug/liblpc_chip_175x_6x.a(uart_17xx_40xx.o)
                                                  /home/francis/Documents/MCUXpresso_11.0.1_2563/workspace/lpc_board_nxp_lpcxpresso_1769/Debug/liblpc_board_nxp_lpcxpresso_1769.a(board.o)
Chip_UART_SetBaudFDR                              /home/francis/Documents/MCUXpresso_11.0.1_2563/workspace/lpc_chip_175x_6x/Debug/liblpc_chip_175x_6x.a(uart_17xx_40xx.o)
Chip_UART_TXDisable                               /home/francis/Documents/MCUXpresso_11.0.1_2563/workspace/lpc_chip_175x_6x/Debug/liblpc_chip_175x_6x.a(uart_17xx_40xx.o)
Chip_UART_TXEnable                                /home/francis/Documents/MCUXpresso_11.0.1_2563/workspace/lpc_chip_175x_6x/Debug/liblpc_chip_175x_6x.a(uart_17xx_40xx.o)
                                                  /home/francis/Documents/MCUXpresso_11.0.1_2563/workspace/lpc_board_nxp_lpcxpresso_1769/Debug/liblpc_board_nxp_lpcxpresso_1769.a(board.o)
Chip_UART_TXIntHandlerRB                          /home/francis/Documents/MCUXpresso_11.0.1_2563/workspace/lpc_chip_175x_6x/Debug/liblpc_chip_175x_6x.a(uart_17xx_40xx.o)
Chip_USB_Init                                     /home/francis/Documents/MCUXpresso_11.0.1_2563/workspace/lpc_chip_175x_6x/Debug/liblpc_chip_175x_6x.a(chip_17xx_40xx.o)
DMA_IRQHandler                                    ./src/cr_startup_lpc175x_6x.o
DebugMon_Handler                                  ./src/cr_startup_lpc175x_6x.o
EINT0_IRQHandler                                  ./src/cr_startup_lpc175x_6x.o
EINT1_IRQHandler                                  ./src/cr_startup_lpc175x_6x.o
EINT2_IRQHandler                                  ./src/cr_startup_lpc175x_6x.o
EINT3_IRQHandler                                  ./src/cr_startup_lpc175x_6x.o
ETH_IRQHandler                                    ./src/cr_startup_lpc175x_6x.o
HardFault_Handler                                 ./src/cr_startup_lpc175x_6x.o
I2C0_IRQHandler                                   ./src/cr_startup_lpc175x_6x.o
I2C1_IRQHandler                                   ./src/cr_startup_lpc175x_6x.o
I2C2_IRQHandler                                   ./src/cr_startup_lpc175x_6x.o
I2S_IRQHandler                                    ./src/cr_startup_lpc175x_6x.o
IntDefaultHandler                                 ./src/cr_startup_lpc175x_6x.o
Joystick_GetStatus                                /home/francis/Documents/MCUXpresso_11.0.1_2563/workspace/lpc_board_nxp_lpcxpresso_1769/Debug/liblpc_board_nxp_lpcxpresso_1769.a(board.o)
MCPWM_IRQHandler                                  ./src/cr_startup_lpc175x_6x.o
MemManage_Handler                                 ./src/cr_startup_lpc175x_6x.o
NMI_Handler                                       ./src/cr_startup_lpc175x_6x.o
OscRateIn                                         /home/francis/Documents/MCUXpresso_11.0.1_2563/workspace/lpc_board_nxp_lpcxpresso_1769/Debug/liblpc_board_nxp_lpcxpresso_1769.a(board.o)
                                                  /home/francis/Documents/MCUXpresso_11.0.1_2563/workspace/lpc_chip_175x_6x/Debug/liblpc_chip_175x_6x.a(clock_17xx_40xx.o)
PLL0_IRQHandler                                   ./src/cr_startup_lpc175x_6x.o
PLL1_IRQHandler                                   ./src/cr_startup_lpc175x_6x.o
PWM1_IRQHandler                                   ./src/cr_startup_lpc175x_6x.o
PendSV_Handler                                    ./src/cr_startup_lpc175x_6x.o
QEI_IRQHandler                                    ./src/cr_startup_lpc175x_6x.o
RIT_IRQHandler                                    ./src/cr_startup_lpc175x_6x.o
RTCOscRateIn                                      /home/francis/Documents/MCUXpresso_11.0.1_2563/workspace/lpc_board_nxp_lpcxpresso_1769/Debug/liblpc_board_nxp_lpcxpresso_1769.a(board.o)
                                                  /home/francis/Documents/MCUXpresso_11.0.1_2563/workspace/lpc_chip_175x_6x/Debug/liblpc_chip_175x_6x.a(clock_17xx_40xx.o)
RTC_IRQHandler                                    ./src/cr_startup_lpc175x_6x.o
ResetISR                                          ./src/cr_startup_lpc175x_6x.o
RingBuffer_Init                                   /home/francis/Documents/MCUXpresso_11.0.1_2563/workspace/lpc_chip_175x_6x/Debug/liblpc_chip_175x_6x.a(ring_buffer.o)
RingBuffer_Insert                                 /home/francis/Documents/MCUXpresso_11.0.1_2563/workspace/lpc_chip_175x_6x/Debug/liblpc_chip_175x_6x.a(ring_buffer.o)
                                                  /home/francis/Documents/MCUXpresso_11.0.1_2563/workspace/lpc_chip_175x_6x/Debug/liblpc_chip_175x_6x.a(uart_17xx_40xx.o)
RingBuffer_InsertMult                             /home/francis/Documents/MCUXpresso_11.0.1_2563/workspace/lpc_chip_175x_6x/Debug/liblpc_chip_175x_6x.a(ring_buffer.o)
                                                  /home/francis/Documents/MCUXpresso_11.0.1_2563/workspace/lpc_chip_175x_6x/Debug/liblpc_chip_175x_6x.a(uart_17xx_40xx.o)
RingBuffer_Pop                                    /home/francis/Documents/MCUXpresso_11.0.1_2563/workspace/lpc_chip_175x_6x/Debug/liblpc_chip_175x_6x.a(ring_buffer.o)
                                                  /home/francis/Documents/MCUXpresso_11.0.1_2563/workspace/lpc_chip_175x_6x/Debug/liblpc_chip_175x_6x.a(uart_17xx_40xx.o)
RingBuffer_PopMult                                /home/francis/Documents/MCUXpresso_11.0.1_2563/workspace/lpc_chip_175x_6x/Debug/liblpc_chip_175x_6x.a(ring_buffer.o)
                                                  /home/francis/Documents/MCUXpresso_11.0.1_2563/workspace/lpc_chip_175x_6x/Debug/liblpc_chip_175x_6x.a(uart_17xx_40xx.o)
SPI_IRQHandler                                    ./src/cr_startup_lpc175x_6x.o
SSP0_IRQHandler                                   ./src/cr_startup_lpc175x_6x.o
SSP1_IRQHandler                                   ./src/cr_startup_lpc175x_6x.o
SVC_Handler                                       ./src/cr_startup_lpc175x_6x.o
Serial_CreateStream                               /home/francis/Documents/MCUXpresso_11.0.1_2563/workspace/lpc_board_nxp_lpcxpresso_1769/Debug/liblpc_board_nxp_lpcxpresso_1769.a(board.o)
SysTick_Handler                                   ./src/cr_startup_lpc175x_6x.o
SystemCoreClock                                   /home/francis/Documents/MCUXpresso_11.0.1_2563/workspace/lpc_chip_175x_6x/Debug/liblpc_chip_175x_6x.a(chip_17xx_40xx.o)
SystemCoreClockUpdate                             /home/francis/Documents/MCUXpresso_11.0.1_2563/workspace/lpc_chip_175x_6x/Debug/liblpc_chip_175x_6x.a(chip_17xx_40xx.o)
                                                  ./src/character_data_structure.o
SystemInit                                        ./src/sysinit.o
                                                  ./src/cr_startup_lpc175x_6x.o
TIMER0_IRQHandler                                 ./src/cr_startup_lpc175x_6x.o
TIMER1_IRQHandler                                 ./src/cr_startup_lpc175x_6x.o
TIMER2_IRQHandler                                 ./src/cr_startup_lpc175x_6x.o
TIMER3_IRQHandler                                 ./src/cr_startup_lpc175x_6x.o
UART0_IRQHandler                                  ./src/cr_startup_lpc175x_6x.o
UART1_IRQHandler                                  ./src/cr_startup_lpc175x_6x.o
UART2_IRQHandler                                  ./src/cr_startup_lpc175x_6x.o
UART3_IRQHandler                                  ./src/cr_startup_lpc175x_6x.o
USBActivity_IRQHandler                            ./src/cr_startup_lpc175x_6x.o
USB_IRQHandler                                    ./src/cr_startup_lpc175x_6x.o
UsageFault_Handler                                ./src/cr_startup_lpc175x_6x.o
WDT_IRQHandler                                    ./src/cr_startup_lpc175x_6x.o
__aeabi_idiv0                                     /usr/local/mcuxpressoide-11.0.1_2563/ide/plugins/com.nxp.mcuxpresso.tools.linux_11.0.1.201907311258/tools/bin/../lib/gcc/arm-none-eabi/8.2.1/thumb/v7-m/nofp/libcr_eabihelpers.a(division_idiv0.o)
                                                  /usr/local/mcuxpressoide-11.0.1_2563/ide/plugins/com.nxp.mcuxpresso.tools.linux_11.0.1.201907311258/tools/bin/../lib/gcc/arm-none-eabi/8.2.1/thumb/v7-m/nofp/libcr_eabihelpers.a(division_64.o)
__aeabi_ldivmod                                   /usr/local/mcuxpressoide-11.0.1_2563/ide/plugins/com.nxp.mcuxpresso.tools.linux_11.0.1.201907311258/tools/bin/../lib/gcc/arm-none-eabi/8.2.1/thumb/v7-m/nofp/libcr_eabihelpers.a(division_64.o)
__aeabi_lowlevel_memset                           /usr/local/mcuxpressoide-11.0.1_2563/ide/plugins/com.nxp.mcuxpresso.tools.linux_11.0.1.201907311258/tools/bin/../lib/gcc/arm-none-eabi/8.2.1/thumb/v7-m/nofp/libcr_eabihelpers.a(memcpy.o)
__aeabi_memclr                                    /usr/local/mcuxpressoide-11.0.1_2563/ide/plugins/com.nxp.mcuxpresso.tools.linux_11.0.1.201907311258/tools/bin/../lib/gcc/arm-none-eabi/8.2.1/thumb/v7-m/nofp/libcr_eabihelpers.a(memcpy.o)
__aeabi_memclr4                                   /usr/local/mcuxpressoide-11.0.1_2563/ide/plugins/com.nxp.mcuxpresso.tools.linux_11.0.1.201907311258/tools/bin/../lib/gcc/arm-none-eabi/8.2.1/thumb/v7-m/nofp/libcr_eabihelpers.a(memcpy.o)
__aeabi_memclr8                                   /usr/local/mcuxpressoide-11.0.1_2563/ide/plugins/com.nxp.mcuxpresso.tools.linux_11.0.1.201907311258/tools/bin/../lib/gcc/arm-none-eabi/8.2.1/thumb/v7-m/nofp/libcr_eabihelpers.a(memcpy.o)
__aeabi_memcpy                                    /usr/local/mcuxpressoide-11.0.1_2563/ide/plugins/com.nxp.mcuxpresso.tools.linux_11.0.1.201907311258/tools/bin/../lib/gcc/arm-none-eabi/8.2.1/thumb/v7-m/nofp/libcr_eabihelpers.a(memcpy.o)
                                                  /usr/local/mcuxpressoide-11.0.1_2563/ide/plugins/com.nxp.mcuxpresso.tools.linux_11.0.1.201907311258/tools/bin/../lib/gcc/arm-none-eabi/8.2.1/../../../../arm-none-eabi/lib/thumb/v7-m/nofp/libcr_c.a(memcpy.o)
__aeabi_memcpy4                                   /usr/local/mcuxpressoide-11.0.1_2563/ide/plugins/com.nxp.mcuxpresso.tools.linux_11.0.1.201907311258/tools/bin/../lib/gcc/arm-none-eabi/8.2.1/thumb/v7-m/nofp/libcr_eabihelpers.a(memcpy.o)
__aeabi_memcpy8                                   /usr/local/mcuxpressoide-11.0.1_2563/ide/plugins/com.nxp.mcuxpresso.tools.linux_11.0.1.201907311258/tools/bin/../lib/gcc/arm-none-eabi/8.2.1/thumb/v7-m/nofp/libcr_eabihelpers.a(memcpy.o)
__aeabi_memmove                                   /usr/local/mcuxpressoide-11.0.1_2563/ide/plugins/com.nxp.mcuxpresso.tools.linux_11.0.1.201907311258/tools/bin/../lib/gcc/arm-none-eabi/8.2.1/thumb/v7-m/nofp/libcr_eabihelpers.a(memcpy.o)
__aeabi_memmove4                                  /usr/local/mcuxpressoide-11.0.1_2563/ide/plugins/com.nxp.mcuxpresso.tools.linux_11.0.1.201907311258/tools/bin/../lib/gcc/arm-none-eabi/8.2.1/thumb/v7-m/nofp/libcr_eabihelpers.a(memcpy.o)
__aeabi_memmove8                                  /usr/local/mcuxpressoide-11.0.1_2563/ide/plugins/com.nxp.mcuxpresso.tools.linux_11.0.1.201907311258/tools/bin/../lib/gcc/arm-none-eabi/8.2.1/thumb/v7-m/nofp/libcr_eabihelpers.a(memcpy.o)
__aeabi_memset                                    /usr/local/mcuxpressoide-11.0.1_2563/ide/plugins/com.nxp.mcuxpresso.tools.linux_11.0.1.201907311258/tools/bin/../lib/gcc/arm-none-eabi/8.2.1/thumb/v7-m/nofp/libcr_eabihelpers.a(memcpy.o)
__aeabi_memset4                                   /usr/local/mcuxpressoide-11.0.1_2563/ide/plugins/com.nxp.mcuxpresso.tools.linux_11.0.1.201907311258/tools/bin/../lib/gcc/arm-none-eabi/8.2.1/thumb/v7-m/nofp/libcr_eabihelpers.a(memcpy.o)
__aeabi_memset8                                   /usr/local/mcuxpressoide-11.0.1_2563/ide/plugins/com.nxp.mcuxpresso.tools.linux_11.0.1.201907311258/tools/bin/../lib/gcc/arm-none-eabi/8.2.1/thumb/v7-m/nofp/libcr_eabihelpers.a(memcpy.o)
__aeabi_uldivmod                                  /usr/local/mcuxpressoide-11.0.1_2563/ide/plugins/com.nxp.mcuxpresso.tools.linux_11.0.1.201907311258/tools/bin/../lib/gcc/arm-none-eabi/8.2.1/thumb/v7-m/nofp/libcr_eabihelpers.a(division_64.o)
                                                  /home/francis/Documents/MCUXpresso_11.0.1_2563/workspace/lpc_chip_175x_6x/Debug/liblpc_chip_175x_6x.a(uart_17xx_40xx.o)
                                                  /home/francis/Documents/MCUXpresso_11.0.1_2563/workspace/lpc_chip_175x_6x/Debug/liblpc_chip_175x_6x.a(i2s_17xx_40xx.o)
__bhs_ldivmod1                                    /usr/local/mcuxpressoide-11.0.1_2563/ide/plugins/com.nxp.mcuxpresso.tools.linux_11.0.1.201907311258/tools/bin/../lib/gcc/arm-none-eabi/8.2.1/thumb/v7-m/nofp/libcr_eabihelpers.a(division_64.o)
__bss_section_table_end                           ./src/cr_startup_lpc175x_6x.o
__data_section_table                              ./src/cr_startup_lpc175x_6x.o
__data_section_table_end                          ./src/cr_startup_lpc175x_6x.o
__main                                            /usr/local/mcuxpressoide-11.0.1_2563/ide/plugins/com.nxp.mcuxpresso.tools.linux_11.0.1.201907311258/tools/bin/../lib/gcc/arm-none-eabi/8.2.1/../../../../arm-none-eabi/lib/thumb/v7-m/nofp/libcr_c.a(__weak__main.o)
                                                  ./src/cr_startup_lpc175x_6x.o
__sys_readc                                       /home/francis/Documents/MCUXpresso_11.0.1_2563/workspace/lpc_board_nxp_lpcxpresso_1769/Debug/liblpc_board_nxp_lpcxpresso_1769.a(board.o)
__sys_write                                       /home/francis/Documents/MCUXpresso_11.0.1_2563/workspace/lpc_board_nxp_lpcxpresso_1769/Debug/liblpc_board_nxp_lpcxpresso_1769.a(board.o)
__valid_user_code_checksum                        ./src/cr_startup_lpc175x_6x.o
__weak_main                                       /usr/local/mcuxpressoide-11.0.1_2563/ide/plugins/com.nxp.mcuxpresso.tools.linux_11.0.1.201907311258/tools/bin/../lib/gcc/arm-none-eabi/8.2.1/../../../../arm-none-eabi/lib/thumb/v7-m/nofp/libcr_c.a(__weak__main.o)
_vStackTop                                        ./src/cr_startup_lpc175x_6x.o
bss_init                                          ./src/cr_startup_lpc175x_6x.o
data_init                                         ./src/cr_startup_lpc175x_6x.o
g_pfnVectors                                      ./src/cr_startup_lpc175x_6x.o
                                                  ./src/sysinit.o
main                                              ./src/character_data_structure.o
                                                  /usr/local/mcuxpressoide-11.0.1_2563/ide/plugins/com.nxp.mcuxpresso.tools.linux_11.0.1.201907311258/tools/bin/../lib/gcc/arm-none-eabi/8.2.1/../../../../arm-none-eabi/lib/thumb/v7-m/nofp/libcr_c.a(__weak__main.o)
memcpy                                            /usr/local/mcuxpressoide-11.0.1_2563/ide/plugins/com.nxp.mcuxpresso.tools.linux_11.0.1.201907311258/tools/bin/../lib/gcc/arm-none-eabi/8.2.1/../../../../arm-none-eabi/lib/thumb/v7-m/nofp/libcr_c.a(memcpy.o)
                                                  /home/francis/Documents/MCUXpresso_11.0.1_2563/workspace/lpc_chip_175x_6x/Debug/liblpc_chip_175x_6x.a(ring_buffer.o)
                                                  /home/francis/Documents/MCUXpresso_11.0.1_2563/workspace/lpc_board_nxp_lpcxpresso_1769/Debug/liblpc_board_nxp_lpcxpresso_1769.a(board.o)
